Component: ARM Compiler 5.06 update 1 (build 61) Tool: armlink [4d35a8]

==============================================================================

Section Cross References

    main.o(i.main) refers to system_sam4s.o(i.SystemCoreClockUpdate) for SystemCoreClockUpdate
    main.o(i.main) refers to hw_util.o(i.IO1_init) for IO1_init
    main.o(i.main) refers to hw_util.o(i.cdc_uart_init) for cdc_uart_init
    main.o(i.main) refers to hw_util.o(i.IO1_SW) for IO1_SW
    main.o(i.main) refers to hw_util.o(i.IO1_LED_on) for IO1_LED_on
    main.o(i.main) refers to hw_util.o(i.IO1_LED_off) for IO1_LED_off
    main.o(i.main) refers to hw_util.o(i.IO1_read_TEMP) for IO1_read_TEMP
    main.o(i.main) refers to hw_util.o(i.ftoa) for ftoa
    main.o(i.main) refers to hw_util.o(i.cdc_uart_put_string) for cdc_uart_put_string
    main.o(i.main) refers to hw_util.o(i.cdc_uart_put_char) for cdc_uart_put_char
    main.o(i.main) refers to rt_cmsis.o(i.osDelay) for osDelay
    hw_util.o(i.IO1_LED_set) refers to hw_util.o(i.IO1_LED_off) for IO1_LED_off
    hw_util.o(i.IO1_LED_set) refers to hw_util.o(i.IO1_LED_on) for IO1_LED_on
    hw_util.o(i.IO1_init) refers to hw_util.o(i.IO1_LED_off) for IO1_LED_off
    hw_util.o(i.IO1_read_ANALOG) refers to dflt_clz.o(x$fpl$dflt) for __aeabi_i2d
    hw_util.o(i.IO1_read_ANALOG) refers to dmul.o(x$fpl$dmul) for __aeabi_dmul
    hw_util.o(i.IO1_read_ANALOG) refers to d2f.o(x$fpl$d2f) for __aeabi_d2f
    hw_util.o(i.IO1_read_TEMP) refers to dflt_clz.o(x$fpl$dflt) for __aeabi_i2d
    hw_util.o(i.IO1_read_TEMP) refers to dmul.o(x$fpl$dmul) for __aeabi_dmul
    hw_util.o(i.IO1_read_TEMP) refers to daddsub_clz.o(x$fpl$dsub) for __aeabi_dsub
    hw_util.o(i.IO1_read_TEMP) refers to d2f.o(x$fpl$d2f) for __aeabi_d2f
    hw_util.o(i.cdc_uart_put_string) refers to hw_util.o(i.cdc_uart_put_char) for cdc_uart_put_char
    hw_util.o(i.cdc_uart_read_string) refers to hw_util.o(i.cdc_uart_read_char) for cdc_uart_read_char
    hw_util.o(i.esp_uart_put_string) refers to hw_util.o(i.esp_uart_put_char) for esp_uart_put_char
    hw_util.o(i.esp_uart_read_string) refers to hw_util.o(i.esp_uart_read_char) for esp_uart_read_char
    hw_util.o(i.ftoa) refers to ffix.o(x$fpl$ffix) for __aeabi_f2iz
    hw_util.o(i.ftoa) refers to fflt_clz.o(x$fpl$fflt) for __aeabi_i2f
    hw_util.o(i.ftoa) refers to faddsub_clz.o(x$fpl$frsb) for __aeabi_frsub
    hw_util.o(i.ftoa) refers to hw_util.o(i.intToStr) for intToStr
    hw_util.o(i.ftoa) refers to dflt_clz.o(x$fpl$dflt) for __aeabi_i2d
    hw_util.o(i.ftoa) refers to pow.o(i.pow) for pow
    hw_util.o(i.ftoa) refers to f2d.o(x$fpl$f2d) for __aeabi_f2d
    hw_util.o(i.ftoa) refers to dmul.o(x$fpl$dmul) for __aeabi_dmul
    hw_util.o(i.ftoa) refers to d2f.o(x$fpl$d2f) for __aeabi_d2f
    hw_util.o(i.intToStr) refers to hw_util.o(i.reverse) for reverse
    rtx_conf_cm.o(.emb_text) refers to rt_cmsis.o(i.osKernelInitialize) for osKernelInitialize
    rtx_conf_cm.o(.emb_text) refers to rt_cmsis.o(i.osThreadCreate) for osThreadCreate
    rtx_conf_cm.o(.emb_text) refers to rt_cmsis.o(i.osKernelStart) for osKernelStart
    rtx_conf_cm.o(.emb_text) refers to exit.o(.text) for exit
    rtx_conf_cm.o(.emb_text) refers to rtx_conf_cm.o(.data) for os_thread_def_main
    rtx_conf_cm.o(i.__user_perthread_libspace) refers to rt_task.o(i.rt_tsk_self) for rt_tsk_self
    rtx_conf_cm.o(i.__user_perthread_libspace) refers to rt_cmsis.o(.data) for os_running
    rtx_conf_cm.o(i.__user_perthread_libspace) refers to rtx_conf_cm.o(.bss) for .bss
    rtx_conf_cm.o(i.__user_perthread_libspace) refers to libspace.o(.bss) for __libspace_start
    rtx_conf_cm.o(i._mutex_acquire) refers to rt_cmsis.o(.data) for os_running
    rtx_conf_cm.o(i._mutex_acquire) refers to rt_mutex.o(i.rt_mut_wait) for rt_mut_wait
    rtx_conf_cm.o(i._mutex_initialize) refers to rt_mutex.o(i.rt_mut_init) for rt_mut_init
    rtx_conf_cm.o(i._mutex_initialize) refers to rtx_conf_cm.o(.data) for .data
    rtx_conf_cm.o(i._mutex_initialize) refers to rtx_conf_cm.o(.bss) for .bss
    rtx_conf_cm.o(i._mutex_release) refers to rt_cmsis.o(.data) for os_running
    rtx_conf_cm.o(i._mutex_release) refers to rt_mutex.o(i.rt_mut_release) for rt_mut_release
    rtx_conf_cm.o(.constdata) refers to rt_cmsis.o(i.osTimerThread) for osTimerThread
    rtx_conf_cm.o(.constdata) refers to rtx_conf_cm.o(.bss) for os_messageQ_q_osTimerMessageQ
    rtx_conf_cm.o(.data) refers to main.o(i.main) for main
    startup_sam4s.o(STACK) refers (Special) to heapauxi.o(.text) for __use_two_region_memory
    startup_sam4s.o(HEAP) refers (Special) to heapauxi.o(.text) for __use_two_region_memory
    startup_sam4s.o(RESET) refers (Special) to heapauxi.o(.text) for __use_two_region_memory
    startup_sam4s.o(RESET) refers to startup_sam4s.o(STACK) for __initial_sp
    startup_sam4s.o(RESET) refers to startup_sam4s.o(.text) for Reset_Handler
[...]
    ../fplib/daddsub.s                       0x00000000   Number         0  daddsub_clz.o ABSOLUTE
    ../fplib/dcheck1.s                       0x00000000   Number         0  dcheck1.o ABSOLUTE
    ../fplib/dcmpi.s                         0x00000000   Number         0  dcmpi.o ABSOLUTE
    ../fplib/ddiv.s                          0x00000000   Number         0  ddiv.o ABSOLUTE
    ../fplib/dflt.s                          0x00000000   Number         0  dflt_clz.o ABSOLUTE
    ../fplib/dleqf.s                         0x00000000   Number         0  dleqf.o ABSOLUTE
    ../fplib/dmul.s                          0x00000000   Number         0  dmul.o ABSOLUTE
    ../fplib/dnaninf.s                       0x00000000   Number         0  dnaninf.o ABSOLUTE
    ../fplib/dretinf.s                       0x00000000   Number         0  dretinf.o ABSOLUTE
    ../fplib/drleqf.s                        0x00000000   Number         0  drleqf.o ABSOLUTE
    ../fplib/dsqrt.s                         0x00000000   Number         0  dsqrt_umaal.o ABSOLUTE
    ../fplib/f2d.s                           0x00000000   Number         0  f2d.o ABSOLUTE
    ../fplib/faddsub.s                       0x00000000   Number         0  faddsub_clz.o ABSOLUTE
    ../fplib/ffix.s                          0x00000000   Number         0  ffix.o ABSOLUTE
    ../fplib/fflt.s                          0x00000000   Number         0  fflt_clz.o ABSOLUTE
    ../fplib/fnaninf.s                       0x00000000   Number         0  fnaninf.o ABSOLUTE
    ../fplib/fpinit.s                        0x00000000   Number         0  fpinit.o ABSOLUTE
    ../fplib/fretinf.s                       0x00000000   Number         0  fretinf.o ABSOLUTE
    ../fplib/retnan.s                        0x00000000   Number         0  retnan.o ABSOLUTE
    ../fplib/scalbn.s                        0x00000000   Number         0  scalbn.o ABSOLUTE
    ../fplib/trapv.s                         0x00000000   Number         0  trapv.o ABSOLUTE
    ../fplib/usenofp.s                       0x00000000   Number         0  usenofp.o ABSOLUTE
    ../mathlib/dunder.c                      0x00000000   Number         0  dunder.o ABSOLUTE
    ../mathlib/fpclassify.c                  0x00000000   Number         0  fpclassify.o ABSOLUTE
    ../mathlib/poly.c                        0x00000000   Number         0  poly.o ABSOLUTE
    ../mathlib/pow.c                         0x00000000   Number         0  pow_x.o ABSOLUTE
    ../mathlib/pow.c                         0x00000000   Number         0  pow.o ABSOLUTE
    ../mathlib/qnan.c                        0x00000000   Number         0  qnan.o ABSOLUTE
    ../mathlib/sqrt.c                        0x00000000   Number         0  sqrt_x.o ABSOLUTE
    ../mathlib/sqrt.c                        0x00000000   Number         0  sqrt.o ABSOLUTE
    ..\HAL_CM.c                              0x00000000   Number         0  hal_cm.o ABSOLUTE
    ..\\rt_CMSIS.c                           0x00000000   Number         0  rt_cmsis.o ABSOLUTE
    ..\\rt_System.c                          0x00000000   Number         0  rt_system.o ABSOLUTE
    ..\rt_CMSIS.c                            0x00000000   Number         0  rt_cmsis.o ABSOLUTE
    ..\rt_Event.c                            0x00000000   Number         0  rt_event.o ABSOLUTE
    ..\rt_List.c                             0x00000000   Number         0  rt_list.o ABSOLUTE
    ..\rt_Mailbox.c                          0x00000000   Number         0  rt_mailbox.o ABSOLUTE
    ..\rt_MemBox.c                           0x00000000   Number         0  rt_membox.o ABSOLUTE
    ..\rt_Memory.c                           0x00000000   Number         0  rt_memory.o ABSOLUTE
    ..\rt_Mutex.c                            0x00000000   Number         0  rt_mutex.o ABSOLUTE
    ..\rt_Robin.c                            0x00000000   Number         0  rt_robin.o ABSOLUTE
    ..\rt_Semaphore.c                        0x00000000   Number         0  rt_semaphore.o ABSOLUTE
    ..\rt_System.c                           0x00000000   Number         0  rt_system.o ABSOLUTE
    ..\rt_Task.c                             0x00000000   Number         0  rt_task.o ABSOLUTE
    ..\rt_Time.c                             0x00000000   Number         0  rt_time.o ABSOLUTE
    HAL_CM3.c                                0x00000000   Number         0  hal_cm3.o ABSOLUTE
    HAL_CM3.c                                0x00000000   Number         0  hal_cm3.o ABSOLUTE
    RTE\CMSIS\RTX_Conf_CM.c                  0x00000000   Number         0  rtx_conf_cm.o ABSOLUTE
    RTE\Device\ATSAM4SD32C\startup_SAM4S.s   0x00000000   Number         0  startup_sam4s.o ABSOLUTE
    RTE\Device\ATSAM4SD32C\system_SAM4S.c    0x00000000   Number         0  system_sam4s.o ABSOLUTE
    RTE\\CMSIS\\RTX_Conf_CM.c                0x00000000   Number         0  rtx_conf_cm.o ABSOLUTE
    RTE\\Device\\ATSAM4SD32C\\system_SAM4S.c 0x00000000   Number         0  system_sam4s.o ABSOLUTE
    SVC_Table.s                              0x00000000   Number         0  svc_table.o ABSOLUTE
    dc.s                                     0x00000000   Number         0  dc.o ABSOLUTE
    hw_util.c                                0x00000000   Number         0  hw_util.o ABSOLUTE
    hw_util.c                                0x00000000   Number         0  hw_util.o ABSOLUTE
    main.c                                   0x00000000   Number         0  main.o ABSOLUTE
    main.c                                   0x00000000   Number         0  main.o ABSOLUTE
    RESET                                    0x00400000   Section      204  startup_sam4s.o(RESET)
    !!!main                                  0x004000cc   Section        8  __main.o(!!!main)
    !!!scatter                               0x004000d4   Section       52  __scatter.o(!!!scatter)
    !!handler_copy                           0x00400108   Section       26  __scatter_copy.o(!!handler_copy)
    !!handler_zi                             0x00400124   Section       28  __scatter_zi.o(!!handler_zi)
    .ARM.Collect$$libinit$$00000000          0x00400140   Section        2  libinit.o(.ARM.Collect$$libinit$$00000000)
    .ARM.Collect$$libinit$$00000002          0x00400142   Section        0  libinit2.o(.ARM.Collect$$libinit$$00000002)
    .ARM.Collect$$libinit$$00000004          0x00400142   Section        0  libinit2.o(.ARM.Collect$$libinit$$00000004)
    .ARM.Collect$$libinit$$0000000A          0x00400142   Section        0  libinit2.o(.ARM.Collect$$libinit$$0000000A)
    .ARM.Collect$$libinit$$0000000C          0x00400142   Section        0  libinit2.o(.ARM.Collect$$libinit$$0000000C)
    .ARM.Collect$$libinit$$0000000E          0x00400142   Section        0  libinit2.o(.ARM.Collect$$libinit$$0000000E)
    .ARM.Collect$$libinit$$00000011          0x00400142   Section        0  libinit2.o(.ARM.Collect$$libinit$$00000011)
    .ARM.Collect$$libinit$$00000013          0x00400142   Section        0  libinit2.o(.ARM.Collect$$libinit$$00000013)
    .ARM.Collect$$libinit$$00000015          0x00400142   Section        0  libinit2.o(.ARM.Collect$$libinit$$00000015)
    .ARM.Collect$$libinit$$00000017          0x00400142   Section        0  libinit2.o(.ARM.Collect$$libinit$$00000017)
    .ARM.Collect$$libinit$$00000019          0x00400142   Section        0  libinit2.o(.ARM.Collect$$libinit$$00000019)
    .ARM.Collect$$libinit$$0000001B          0x00400142   Section        0  libinit2.o(.ARM.Collect$$libinit$$0000001B)
    .ARM.Collect$$libinit$$0000001D          0x00400142   Section        0  libinit2.o(.ARM.Collect$$libinit$$0000001D)
    .ARM.Collect$$libinit$$0000001F          0x00400142   Section        0  libinit2.o(.ARM.Collect$$libinit$$0000001F)
    .ARM.Collect$$libinit$$00000021          0x00400142   Section        0  libinit2.o(.ARM.Collect$$libinit$$00000021)
    .ARM.Collect$$libinit$$00000023          0x00400142   Section        0  libinit2.o(.ARM.Collect$$libinit$$00000023)
    .ARM.Collect$$libinit$$00000025          0x00400142   Section        0  libinit2.o(.ARM.Collect$$libinit$$00000025)
    .ARM.Collect$$libinit$$0000002C          0x00400142   Section        0  libinit2.o(.ARM.Collect$$libinit$$0000002C)
    .ARM.Collect$$libinit$$0000002E          0x00400142   Section        0  libinit2.o(.ARM.Collect$$libinit$$0000002E)
    .ARM.Collect$$libinit$$00000030          0x00400142   Section        0  libinit2.o(.ARM.Collect$$libinit$$00000030)
    .ARM.Collect$$libinit$$00000032          0x00400142   Section        0  libinit2.o(.ARM.Collect$$libinit$$00000032)
    .ARM.Collect$$libinit$$00000033          0x00400142   Section        2  libinit2.o(.ARM.Collect$$libinit$$00000033)
    .ARM.Collect$$libshutdown$$00000000      0x00400144   Section        2  libshutdown.o(.ARM.Collect$$libshutdown$$00000000)
    .ARM.Collect$$libshutdown$$00000002      0x00400146   Section        0  libshutdown2.o(.ARM.Collect$$libshutdown$$00000002)
    .ARM.Collect$$libshutdown$$00000004      0x00400146   Section        0  libshutdown2.o(.ARM.Collect$$libshutdown$$00000004)
    .ARM.Collect$$libshutdown$$00000007      0x00400146   Section        0  libshutdown2.o(.ARM.Collect$$libshutdown$$00000007)
    .ARM.Collect$$libshutdown$$0000000A      0x00400146   Section        0  libshutdown2.o(.ARM.Collect$$libshutdown$$0000000A)
    .ARM.Collect$$libshutdown$$0000000C      0x00400146   Section        0  libshutdown2.o(.ARM.Collect$$libshutdown$$0000000C)
    .ARM.Collect$$libshutdown$$0000000F      0x00400146   Section        0  libshutdown2.o(.ARM.Collect$$libshutdown$$0000000F)
    .ARM.Collect$$libshutdown$$00000010      0x00400146   Section        2  libshutdown2.o(.ARM.Collect$$libshutdown$$00000010)
    .ARM.Collect$$rtentry$$00000000          0x00400148   Section        0  __rtentry.o(.ARM.Collect$$rtentry$$00000000)
    .ARM.Collect$$rtentry$$00000002          0x00400148   Section        0  __rtentry2.o(.ARM.Collect$$rtentry$$00000002)
    .ARM.Collect$$rtentry$$00000004          0x00400148   Section        6  __rtentry4.o(.ARM.Collect$$rtentry$$00000004)
    .ARM.Collect$$rtentry$$00000009          0x0040014e   Section        0  __rtentry2.o(.ARM.Collect$$rtentry$$00000009)
    .ARM.Collect$$rtentry$$0000000A          0x0040014e   Section        4  __rtentry2.o(.ARM.Collect$$rtentry$$0000000A)
    .ARM.Collect$$rtentry$$0000000B          0x00400152   Section        8  __rtentry2.o(.ARM.Collect$$rtentry$$0000000B)
    .ARM.Collect$$rtentry$$0000000D          0x0040015a   Section        8  __rtentry2.o(.ARM.Collect$$rtentry$$0000000D)
    .ARM.Collect$$rtexit$$00000000           0x00400162   Section        2  rtexit.o(.ARM.Collect$$rtexit$$00000000)
    .ARM.Collect$$rtexit$$00000002           0x00400164   Section        0  rtexit2.o(.ARM.Collect$$rtexit$$00000002)
    .ARM.Collect$$rtexit$$00000003           0x00400164   Section        4  rtexit2.o(.ARM.Collect$$rtexit$$00000003)
    .ARM.Collect$$rtexit$$00000004           0x00400168   Section        6  rtexit2.o(.ARM.Collect$$rtexit$$00000004)
    .emb_text                                0x00400170   Section       28  rtx_conf_cm.o(.emb_text)
    .emb_text                                0x0040018c   Section      304  hal_cm3.o(.emb_text)
    .text                                    0x004002bc   Section       64  startup_sam4s.o(.text)
    .text                                    0x004002fc   Section        8  libspace.o(.text)
    .text                                    0x00400304   Section        0  exit.o(.text)
    .text                                    0x00400316   Section        0  heapauxi.o(.text)
    .text                                    0x0040031c   Section        0  _rserrno.o(.text)
    .text                                    0x00400332   Section        4  rt_errno_addr_twolibspace.o(.text)
    .text                                    0x00400338   Section        0  sys_exit.o(.text)
    .text                                    0x00400344   Section       74  sys_stackheap_outer.o(.text)
    .text                                    0x0040038e   Section        2  use_no_semi.o(.text)
    .text                                    0x00400390   Section        0  indicate_semi.o(.text)
    SVC_TABLE                                0x00400390   Section        4  svc_table.o(SVC_TABLE)
    i.IO1_LED_off                            0x00400394   Section        0  hw_util.o(i.IO1_LED_off)
    i.IO1_LED_on                             0x004003d8   Section        0  hw_util.o(i.IO1_LED_on)
    i.IO1_SW                                 0x0040041c   Section        0  hw_util.o(i.IO1_SW)
    i.IO1_init                               0x0040047c   Section        0  hw_util.o(i.IO1_init)
    i.IO1_read_TEMP                          0x0040059c   Section        0  hw_util.o(i.IO1_read_TEMP)
    i.SystemCoreClockUpdate                  0x004005e0   Section        0  system_sam4s.o(i.SystemCoreClockUpdate)
    i.SystemInit                             0x00400764   Section        0  system_sam4s.o(i.SystemInit)
    i.__ARM_fpclassify                       0x004008b4   Section        0  fpclassify.o(i.__ARM_fpclassify)
    i.__kernel_poly                          0x004008dc   Section        0  poly.o(i.__kernel_poly)
    i.__mathlib_dbl_divzero                  0x00400988   Section        0  dunder.o(i.__mathlib_dbl_divzero)
    i.__mathlib_dbl_infnan2                  0x00400998   Section        0  dunder.o(i.__mathlib_dbl_infnan2)
    i.__mathlib_dbl_invalid                  0x0040099c   Section        0  dunder.o(i.__mathlib_dbl_invalid)
    i.__mathlib_dbl_overflow                 0x004009a8   Section        0  dunder.o(i.__mathlib_dbl_overflow)
    i.__mathlib_dbl_underflow                0x004009b8   Section        0  dunder.o(i.__mathlib_dbl_underflow)
    i.__user_perthread_libspace              0x004009c8   Section        0  rtx_conf_cm.o(i.__user_perthread_libspace)
    i._init_box                              0x004009f4   Section        0  rt_membox.o(i._init_box)
    i._mutex_acquire                         0x00400a3c   Section        0  rtx_conf_cm.o(i._mutex_acquire)
    __tagsym$$used                           0x00400a3d   Number         0  rtx_conf_cm.o(i._mutex_acquire)
    i._mutex_release                         0x00400a5c   Section        0  rtx_conf_cm.o(i._mutex_release)
    __tagsym$$used                           0x00400a5d   Number         0  rtx_conf_cm.o(i._mutex_release)
    i.cdc_uart_init                          0x00400a78   Section        0  hw_util.o(i.cdc_uart_init)
    i.cdc_uart_put_char                      0x00400b38   Section        0  hw_util.o(i.cdc_uart_put_char)
    i.cdc_uart_put_string                    0x00400b54   Section        0  hw_util.o(i.cdc_uart_put_string)
    i.dbg_init                               0x00400b6c   Section        0  hal_cm.o(i.dbg_init)
    i.dbg_task_notify                        0x00400b9c   Section        0  hal_cm.o(i.dbg_task_notify)
    i.dbg_task_switch                        0x00400bbc   Section        0  hal_cm.o(i.dbg_task_switch)
    i.ftoa                                   0x00400bcc   Section        0  hw_util.o(i.ftoa)
    i.intToStr                               0x00400c5c   Section        0  hw_util.o(i.intToStr)
    i.isrMessageGet                          0x00400ca4   Section        0  rt_cmsis.o(i.isrMessageGet)
    i.isrMessagePut                          0x00400cce   Section        0  rt_cmsis.o(i.isrMessagePut)
    i.isr_mbx_receive                        0x00400cfc   Section        0  rt_mailbox.o(i.isr_mbx_receive)
    i.isr_mbx_send                           0x00400d4e   Section        0  rt_mailbox.o(i.isr_mbx_send)
    i.main                                   0x00400d5c   Section        0  main.o(i.main)
    i.osDelay                                0x00400e04   Section        0  rt_cmsis.o(i.osDelay)
    i.osKernelInitialize                     0x00400e1c   Section        0  rt_cmsis.o(i.osKernelInitialize)
    i.osKernelStart                          0x00400e40   Section        0  rt_cmsis.o(i.osKernelStart)
    i.osMessageGet                           0x00400eac   Section        0  rt_cmsis.o(i.osMessageGet)
    i.osThreadCreate                         0x00400ec4   Section        0  rt_cmsis.o(i.osThreadCreate)
    i.osThreadExit                           0x00400ef4   Section        0  rt_cmsis.o(i.osThreadExit)
    i.osTimerCall                            0x00400f0c   Section        0  rt_cmsis.o(i.osTimerCall)
    i.osTimerThread                          0x00400f18   Section        0  rt_cmsis.o(i.osTimerThread)
    i.os_error                               0x00400f44   Section        0  rtx_conf_cm.o(i.os_error)
    i.os_idle_demon                          0x00400f66   Section        0  rtx_conf_cm.o(i.os_idle_demon)
    i.os_tick_init                           0x00400f6c   Section        0  rt_system.o(i.os_tick_init)
    i.os_tick_irqack                         0x00400f94   Section        0  rt_system.o(i.os_tick_irqack)
    i.pow                                    0x00400f98   Section        0  pow.o(i.pow)
    i.reverse                                0x00401970   Section        0  hw_util.o(i.reverse)
    i.rt_alloc_box                           0x0040198c   Section        0  rt_membox.o(i.rt_alloc_box)
    i.rt_alloc_mem                           0x004019a6   Section        0  rt_memory.o(i.rt_alloc_mem)
    i.rt_block                               0x004019e4   Section        0  rt_task.o(i.rt_block)
    i.rt_chk_robin                           0x00401a1c   Section        0  rt_robin.o(i.rt_chk_robin)
    i.rt_dec_dly                             0x00401a64   Section        0  rt_list.o(i.rt_dec_dly)
    i.rt_dispatch                            0x00401ad4   Section        0  rt_task.o(i.rt_dispatch)
    i.rt_dly_wait                            0x00401b18   Section        0  rt_time.o(i.rt_dly_wait)
    i.rt_evt_psh                             0x00401b20   Section        0  rt_event.o(i.rt_evt_psh)
    i.rt_free_box                            0x00401b70   Section        0  rt_membox.o(i.rt_free_box)
    i.rt_free_mem                            0x00401b9c   Section        0  rt_memory.o(i.rt_free_mem)
    i.rt_get_first                           0x00401bc4   Section        0  rt_list.o(i.rt_get_first)
    i.rt_id2obj                              0x00401bec   Section        0  rt_cmsis.o(i.rt_id2obj)
    rt_id2obj                                0x00401bed   Thumb Code     8  rt_cmsis.o(i.rt_id2obj)
    i.rt_init_context                        0x00401bf4   Section        0  rt_task.o(i.rt_init_context)
    rt_init_context                          0x00401bf5   Thumb Code    66  rt_task.o(i.rt_init_context)
    i.rt_init_mem                            0x00401c3c   Section        0  rt_memory.o(i.rt_init_mem)
    i.rt_init_robin                          0x00401c58   Section        0  rt_robin.o(i.rt_init_robin)
    i.rt_init_stack                          0x00401c70   Section        0  hal_cm.o(i.rt_init_stack)
    i.rt_mbx_check                           0x00401cf0   Section        0  rt_mailbox.o(i.rt_mbx_check)
    i.rt_mbx_init                            0x00401cf8   Section        0  rt_mailbox.o(i.rt_mbx_init)
    i.rt_mbx_psh                             0x00401d14   Section        0  rt_mailbox.o(i.rt_mbx_psh)
    i.rt_mbx_wait                            0x00401e04   Section        0  rt_mailbox.o(i.rt_mbx_wait)
    i.rt_ms2tick                             0x00401eb8   Section        0  rt_cmsis.o(i.rt_ms2tick)
    rt_ms2tick                               0x00401eb9   Thumb Code    58  rt_cmsis.o(i.rt_ms2tick)
    i.rt_mut_release                         0x00401efc   Section        0  rt_mutex.o(i.rt_mut_release)
    i.rt_mut_wait                            0x00401fd4   Section        0  rt_mutex.o(i.rt_mut_wait)
    i.rt_pop_req                             0x0040203c   Section        0  rt_system.o(i.rt_pop_req)
    i.rt_psh_req                             0x004020b8   Section        0  rt_system.o(i.rt_psh_req)
    i.rt_psq_enq                             0x004020d8   Section        0  rt_list.o(i.rt_psq_enq)
    i.rt_put_dly                             0x00402134   Section        0  rt_list.o(i.rt_put_dly)
    i.rt_put_prio                            0x0040217c   Section        0  rt_list.o(i.rt_put_prio)
    i.rt_put_rdy_first                       0x004021b4   Section        0  rt_list.o(i.rt_put_rdy_first)
    i.rt_resort_prio                         0x004021c8   Section        0  rt_list.o(i.rt_resort_prio)
    i.rt_ret_val                             0x004021fc   Section        0  hal_cm.o(i.rt_ret_val)
    i.rt_ret_val2                            0x00402202   Section        0  hal_cm.o(i.rt_ret_val2)
    i.rt_rmv_dly                             0x0040220a   Section        0  rt_list.o(i.rt_rmv_dly)
    i.rt_rmv_list                            0x00402234   Section        0  rt_list.o(i.rt_rmv_list)
    i.rt_sem_psh                             0x00402264   Section        0  rt_semaphore.o(i.rt_sem_psh)
    i.rt_stk_check                           0x00402298   Section        0  rt_system.o(i.rt_stk_check)
    i.rt_switch_req                          0x004022bc   Section        0  rt_task.o(i.rt_switch_req)
    i.rt_sys_init                            0x004022e4   Section        0  rt_task.o(i.rt_sys_init)
    i.rt_sys_start                           0x004023b0   Section        0  rt_task.o(i.rt_sys_start)
    i.rt_systick                             0x00402428   Section        0  rt_system.o(i.rt_systick)
    i.rt_tid2ptcb                            0x00402468   Section        0  rt_cmsis.o(i.rt_tid2ptcb)
    rt_tid2ptcb                              0x00402469   Thumb Code    18  rt_cmsis.o(i.rt_tid2ptcb)
    i.rt_timer_insert                        0x0040247c   Section        0  rt_cmsis.o(i.rt_timer_insert)
    rt_timer_insert                          0x0040247d   Thumb Code    48  rt_cmsis.o(i.rt_timer_insert)
    i.rt_tsk_create                          0x004024b0   Section        0  rt_task.o(i.rt_tsk_create)
    i.rt_tsk_delete                          0x00402538   Section        0  rt_task.o(i.rt_tsk_delete)
    i.rt_tsk_prio                            0x004026b4   Section        0  rt_task.o(i.rt_tsk_prio)
    i.rt_tsk_self                            0x00402730   Section        0  rt_task.o(i.rt_tsk_self)
    i.sqrt                                   0x00402740   Section        0  sqrt.o(i.sqrt)
    i.svcDelay                               0x0040278c   Section        0  rt_cmsis.o(i.svcDelay)
    i.svcKernelInitialize                    0x004027a0   Section        0  rt_cmsis.o(i.svcKernelInitialize)
    i.svcKernelStart                         0x00402810   Section        0  rt_cmsis.o(i.svcKernelStart)
    i.svcMessageCreate                       0x00402858   Section        0  rt_cmsis.o(i.svcMessageCreate)
    i.svcMessageGet                          0x0040287c   Section        0  rt_cmsis.o(i.svcMessageGet)
    i.svcThreadCreate                        0x004028b8   Section        0  rt_cmsis.o(i.svcThreadCreate)
    i.svcThreadGetId                         0x00402928   Section        0  rt_cmsis.o(i.svcThreadGetId)
    i.svcThreadTerminate                     0x00402944   Section        0  rt_cmsis.o(i.svcThreadTerminate)
    i.svcTimerCall                           0x0040297c   Section        0  rt_cmsis.o(i.svcTimerCall)
    i.sysTimerTick                           0x00402994   Section        0  rt_cmsis.o(i.sysTimerTick)
    x$fpl$d2f                                0x004029f0   Section       98  d2f.o(x$fpl$d2f)
    x$fpl$dadd                               0x00402a54   Section      336  daddsub_clz.o(x$fpl$dadd)
    _dadd1                                   0x00402a65   Thumb Code     0  daddsub_clz.o(x$fpl$dadd)
    x$fpl$dcheck1                            0x00402ba4   Section       16  dcheck1.o(x$fpl$dcheck1)
    x$fpl$dcmpinf                            0x00402bb4   Section       24  dcmpi.o(x$fpl$dcmpinf)
    x$fpl$ddiv                               0x00402bcc   Section      688  ddiv.o(x$fpl$ddiv)
    ddiv_entry                               0x00402bd3   Thumb Code     0  ddiv.o(x$fpl$ddiv)
    x$fpl$dflt                               0x00402e7c   Section       46  dflt_clz.o(x$fpl$dflt)
    x$fpl$dleqf                              0x00402eac   Section      120  dleqf.o(x$fpl$dleqf)
    x$fpl$dmul                               0x00402f24   Section      340  dmul.o(x$fpl$dmul)
    x$fpl$dnaninf                            0x00403078   Section      156  dnaninf.o(x$fpl$dnaninf)
    x$fpl$dretinf                            0x00403114   Section       12  dretinf.o(x$fpl$dretinf)
    x$fpl$drleqf                             0x00403120   Section      108  drleqf.o(x$fpl$drleqf)
    x$fpl$drsb                               0x0040318c   Section       22  daddsub_clz.o(x$fpl$drsb)
    x$fpl$dsqrt                              0x004031a4   Section      408  dsqrt_umaal.o(x$fpl$dsqrt)
    x$fpl$dsub                               0x0040333c   Section      468  daddsub_clz.o(x$fpl$dsub)
    _dsub1                                   0x0040334d   Thumb Code     0  daddsub_clz.o(x$fpl$dsub)
    x$fpl$f2d                                0x00403510   Section       86  f2d.o(x$fpl$f2d)
    x$fpl$fadd                               0x00403568   Section      196  faddsub_clz.o(x$fpl$fadd)
    _fadd1                                   0x00403577   Thumb Code     0  faddsub_clz.o(x$fpl$fadd)
    x$fpl$ffix                               0x0040362c   Section       54  ffix.o(x$fpl$ffix)
    x$fpl$fflt                               0x00403664   Section       48  fflt_clz.o(x$fpl$fflt)
    x$fpl$fnaninf                            0x00403694   Section      140  fnaninf.o(x$fpl$fnaninf)
    x$fpl$fretinf                            0x00403720   Section       10  fretinf.o(x$fpl$fretinf)
    x$fpl$frsb                               0x0040372a   Section       20  faddsub_clz.o(x$fpl$frsb)
    x$fpl$fsub                               0x00403740   Section      234  faddsub_clz.o(x$fpl$fsub)
    _fsub1                                   0x0040374f   Thumb Code     0  faddsub_clz.o(x$fpl$fsub)
    x$fpl$retnan                             0x0040382a   Section      100  retnan.o(x$fpl$retnan)
    x$fpl$scalbn                             0x0040388e   Section       92  scalbn.o(x$fpl$scalbn)
    x$fpl$trapveneer                         0x004038ea   Section       48  trapv.o(x$fpl$trapveneer)
    x$fpl$usenofp                            0x0040391a   Section        0  usenofp.o(x$fpl$usenofp)
    .constdata                               0x0040391c   Section       86  rtx_conf_cm.o(.constdata)
    __tagsym$$used                           0x00403938   Number         0  rtx_conf_cm.o(.constdata)
    __tagsym$$used                           0x0040393c   Number         0  rtx_conf_cm.o(.constdata)
    __tagsym$$used                           0x00403940   Number         0  rtx_conf_cm.o(.constdata)
    __tagsym$$used                           0x00403944   Number         0  rtx_conf_cm.o(.constdata)
    .constdata                               0x00403978   Section      136  pow.o(.constdata)
    bp                                       0x00403978   Data          16  pow.o(.constdata)
    dp_h                                     0x00403988   Data          16  pow.o(.constdata)
    dp_l                                     0x00403998   Data          16  pow.o(.constdata)
    L                                        0x004039a8   Data          48  pow.o(.constdata)
    P                                        0x004039d8   Data          40  pow.o(.constdata)
    .constdata                               0x00403a00   Section        8  qnan.o(.constdata)
    .data                                    0x20000000   Section       36  rtx_conf_cm.o(.data)
    nr_mutex                                 0x20000010   Data           4  rtx_conf_cm.o(.data)
    .data                                    0x20000024   Section        4  system_sam4s.o(.data)
    .data                                    0x20000028   Section        8  rt_cmsis.o(.data)
    .data                                    0x20000030   Section        8  rt_task.o(.data)
    .data                                    0x20000038   Section        8  rt_system.o(.data)
    os_lock                                  0x20000038   Data           1  rt_system.o(.data)
    os_psh_flag                              0x20000039   Data           1  rt_system.o(.data)
    pend_flags                               0x2000003a   Data           1  rt_system.o(.data)
    .data                                    0x20000040   Section        4  rt_time.o(.data)
    .data                                    0x20000044   Section        8  rt_robin.o(.data)
    .data                                    0x2000004c   Section        1  hal_cm.o(.data)
    .bss                                     0x20000050   Section     3016  rtx_conf_cm.o(.bss)
    std_libspace                             0x200008f8   Data         672  rtx_conf_cm.o(.bss)
    std_libmutex                             0x20000b98   Data         128  rtx_conf_cm.o(.bss)
    .bss                                     0x20000c18   Section       52  rt_task.o(.bss)
    .bss                                     0x20000c4c   Section       48  rt_list.o(.bss)
    .bss                                     0x20000c7c   Section       96  libspace.o(.bss)
    HEAP                                     0x20000ce0   Section      512  startup_sam4s.o(HEAP)
    Heap_Mem                                 0x20000ce0   Data         512  startup_sam4s.o(HEAP)
    STACK                                    0x20000ee0   Section      512  startup_sam4s.o(STACK)
    Stack_Mem                                0x20000ee0   Data         512  startup_sam4s.o(STACK)
    __initial_sp                             0x200010e0   Data           0  startup_sam4s.o(STACK)

    Global Symbols

    Symbol Name                              Value     Ov Type        Size  Object(Section)

    BuildAttributes$$THM_ISAv4$E$P$D$K$B$S$7EM$PE$A:L22UL41UL21$X:L11$S22US41US21$IEEE1$IW$USESV6$~STKCKD$USESV7$~SHL$OTIME$ROPI$IEEEX$EBA8$UX$STANDARDLIB$REQ8$PRES8$EABIv2 0x00000000   Number         0  anon$$obj.o ABSOLUTE
    __ARM_use_no_argv                        0x00000000   Number         0  main.o ABSOLUTE
    __ARM_exceptions_init                     - Undefined Weak Reference
    __alloca_initialize                       - Undefined Weak Reference
    __arm_preinit_                            - Undefined Weak Reference
    __cpp_initialize__aeabi_                  - Undefined Weak Reference
    __cxa_finalize                            - Undefined Weak Reference
    __rt_locale                               - Undefined Weak Reference
    __sigvec_lookup                           - Undefined Weak Reference
    _atexit_init                              - Undefined Weak Reference
    _call_atexit_fns                          - Undefined Weak Reference
    _clock_init                               - Undefined Weak Reference
    _fp_trap_init                             - Undefined Weak Reference
    _fp_trap_shutdown                         - Undefined Weak Reference
    _get_lc_collate                           - Undefined Weak Reference
    _get_lc_ctype                             - Undefined Weak Reference
    _get_lc_monetary                          - Undefined Weak Reference
    _get_lc_numeric                           - Undefined Weak Reference
    _get_lc_time                              - Undefined Weak Reference
    _getenv_init                              - Undefined Weak Reference
    _handle_redirection                       - Undefined Weak Reference
    _init_alloc                               - Undefined Weak Reference
    _init_user_alloc                          - Undefined Weak Reference
    _initio                                   - Undefined Weak Reference
    _rand_init                                - Undefined Weak Reference
    _signal_finish                            - Undefined Weak Reference
    _signal_init                              - Undefined Weak Reference
    _terminate_alloc                          - Undefined Weak Reference
    _terminate_user_alloc                     - Undefined Weak Reference
    _terminateio                              - Undefined Weak Reference
    __Vectors_Size                           0x000000cc   Number         0  startup_sam4s.o ABSOLUTE
    __RL_RTX_VER                             0x00000480   Number         0  rt_system.o ABSOLUTE
    __Vectors                                0x00400000   Data           4  startup_sam4s.o(RESET)
    __Vectors_End                            0x004000cc   Data           0  startup_sam4s.o(RESET)
    __main                                   0x004000cd   Thumb Code     8  __main.o(!!!main)
    __scatterload                            0x004000d5   Thumb Code     0  __scatter.o(!!!scatter)
    __scatterload_rt2                        0x004000d5   Thumb Code    44  __scatter.o(!!!scatter)
    __scatterload_rt2_thumb_only             0x004000d5   Thumb Code     0  __scatter.o(!!!scatter)
    __scatterload_null                       0x004000e3   Thumb Code     0  __scatter.o(!!!scatter)
    __scatterload_copy                       0x00400109   Thumb Code    26  __scatter_copy.o(!!handler_copy)
    __scatterload_zeroinit                   0x00400125   Thumb Code    28  __scatter_zi.o(!!handler_zi)
    __rt_lib_init                            0x00400141   Thumb Code     0  libinit.o(.ARM.Collect$$libinit$$00000000)
    __rt_lib_init_alloca_1                   0x00400143   Thumb Code     0  libinit2.o(.ARM.Collect$$libinit$$0000002E)
    __rt_lib_init_argv_1                     0x00400143   Thumb Code     0  libinit2.o(.ARM.Collect$$libinit$$0000002C)
    __rt_lib_init_atexit_1                   0x00400143   Thumb Code     0  libinit2.o(.ARM.Collect$$libinit$$0000001B)
    __rt_lib_init_clock_1                    0x00400143   Thumb Code     0  libinit2.o(.ARM.Collect$$libinit$$00000021)
    __rt_lib_init_cpp_1                      0x00400143   Thumb Code     0  libinit2.o(.ARM.Collect$$libinit$$00000032)
    __rt_lib_init_exceptions_1               0x00400143   Thumb Code     0  libinit2.o(.ARM.Collect$$libinit$$00000030)
    __rt_lib_init_fp_1                       0x00400143   Thumb Code     0  libinit2.o(.ARM.Collect$$libinit$$00000002)
    __rt_lib_init_fp_trap_1                  0x00400143   Thumb Code     0  libinit2.o(.ARM.Collect$$libinit$$0000001F)
    __rt_lib_init_getenv_1                   0x00400143   Thumb Code     0  libinit2.o(.ARM.Collect$$libinit$$00000023)
    __rt_lib_init_heap_1                     0x00400143   Thumb Code     0  libinit2.o(.ARM.Collect$$libinit$$0000000A)
    __rt_lib_init_lc_collate_1               0x00400143   Thumb Code     0  libinit2.o(.ARM.Collect$$libinit$$00000011)
    __rt_lib_init_lc_ctype_1                 0x00400143   Thumb Code     0  libinit2.o(.ARM.Collect$$libinit$$00000013)
    __rt_lib_init_lc_monetary_1              0x00400143   Thumb Code     0  libinit2.o(.ARM.Collect$$libinit$$00000015)
    __rt_lib_init_lc_numeric_1               0x00400143   Thumb Code     0  libinit2.o(.ARM.Collect$$libinit$$00000017)
    __rt_lib_init_lc_time_1                  0x00400143   Thumb Code     0  libinit2.o(.ARM.Collect$$libinit$$00000019)
    __rt_lib_init_preinit_1                  0x00400143   Thumb Code     0  libinit2.o(.ARM.Collect$$libinit$$00000004)
    __rt_lib_init_rand_1                     0x00400143   Thumb Code     0  libinit2.o(.ARM.Collect$$libinit$$0000000E)
    __rt_lib_init_return                     0x00400143   Thumb Code     0  libinit2.o(.ARM.Collect$$libinit$$00000033)
    __rt_lib_init_signal_1                   0x00400143   Thumb Code     0  libinit2.o(.ARM.Collect$$libinit$$0000001D)
    __rt_lib_init_stdio_1                    0x00400143   Thumb Code     0  libinit2.o(.ARM.Collect$$libinit$$00000025)
    __rt_lib_init_user_alloc_1               0x00400143   Thumb Code     0  libinit2.o(.ARM.Collect$$libinit$$0000000C)
    __rt_lib_shutdown                        0x00400145   Thumb Code     0  libshutdown.o(.ARM.Collect$$libshutdown$$00000000)
    __rt_lib_shutdown_cpp_1                  0x00400147   Thumb Code     0  libshutdown2.o(.ARM.Collect$$libshutdown$$00000002)
    __rt_lib_shutdown_fp_trap_1              0x00400147   Thumb Code     0  libshutdown2.o(.ARM.Collect$$libshutdown$$00000007)
    __rt_lib_shutdown_heap_1                 0x00400147   Thumb Code     0  libshutdown2.o(.ARM.Collect$$libshutdown$$0000000F)
    __rt_lib_shutdown_return                 0x00400147   Thumb Code     0  libshutdown2.o(.ARM.Collect$$libshutdown$$00000010)
    __rt_lib_shutdown_signal_1               0x00400147   Thumb Code     0  libshutdown2.o(.ARM.Collect$$libshutdown$$0000000A)
    __rt_lib_shutdown_stdio_1                0x00400147   Thumb Code     0  libshutdown2.o(.ARM.Collect$$libshutdown$$00000004)
    __rt_lib_shutdown_user_alloc_1           0x00400147   Thumb Code     0  libshutdown2.o(.ARM.Collect$$libshutdown$$0000000C)
    __rt_entry                               0x00400149   Thumb Code     0  __rtentry.o(.ARM.Collect$$rtentry$$00000000)
    __rt_entry_presh_1                       0x00400149   Thumb Code     0  __rtentry2.o(.ARM.Collect$$rtentry$$00000002)
    __rt_entry_sh                            0x00400149   Thumb Code     0  __rtentry4.o(.ARM.Collect$$rtentry$$00000004)
    __rt_entry_li                            0x0040014f   Thumb Code     0  __rtentry2.o(.ARM.Collect$$rtentry$$0000000A)
    __rt_entry_postsh_1                      0x0040014f   Thumb Code     0  __rtentry2.o(.ARM.Collect$$rtentry$$00000009)
    __rt_entry_postli_1                      0x00400153   Thumb Code     0  __rtentry2.o(.ARM.Collect$$rtentry$$0000000B)
    __rt_entry_main                          0x0040015b   Thumb Code     0  __rtentry2.o(.ARM.Collect$$rtentry$$0000000D)
    __rt_exit                                0x00400163   Thumb Code     0  rtexit.o(.ARM.Collect$$rtexit$$00000000)
    __rt_exit_ls                             0x00400165   Thumb Code     0  rtexit2.o(.ARM.Collect$$rtexit$$00000003)
    __rt_exit_prels_1                        0x00400165   Thumb Code     0  rtexit2.o(.ARM.Collect$$rtexit$$00000002)
    __rt_exit_exit                           0x00400169   Thumb Code     0  rtexit2.o(.ARM.Collect$$rtexit$$00000004)
    _platform_post_lib_init                  0x00400171   Thumb Code    24  rtx_conf_cm.o(.emb_text)
    rt_set_PSP                               0x0040018d   Thumb Code     6  hal_cm3.o(.emb_text)
    rt_get_PSP                               0x00400193   Thumb Code     6  hal_cm3.o(.emb_text)
    os_set_env                               0x00400199   Thumb Code    24  hal_cm3.o(.emb_text)
    _alloc_box                               0x004001b5   Thumb Code    28  hal_cm3.o(.emb_text)
    _free_box                                0x004001d5   Thumb Code    28  hal_cm3.o(.emb_text)
    SVC_Handler                              0x004001f5   Thumb Code   108  hal_cm3.o(.emb_text)
    PendSV_Handler                           0x0040026d   Thumb Code    56  hal_cm3.o(.emb_text)
    SysTick_Handler                          0x004002a9   Thumb Code     8  hal_cm3.o(.emb_text)
    OS_Tick_Handler                          0x004002b1   Thumb Code    12  hal_cm3.o(.emb_text)
    Reset_Handler                            0x004002bd   Thumb Code     8  startup_sam4s.o(.text)
    NMI_Handler                              0x004002c5   Thumb Code     2  startup_sam4s.o(.text)
    HardFault_Handler                        0x004002c7   Thumb Code     2  startup_sam4s.o(.text)
    MemManage_Handler                        0x004002c9   Thumb Code     2  startup_sam4s.o(.text)
    BusFault_Handler                         0x004002cb   Thumb Code     2  startup_sam4s.o(.text)
    UsageFault_Handler                       0x004002cd   Thumb Code     2  startup_sam4s.o(.text)
    DebugMon_Handler                         0x004002d1   Thumb Code     2  startup_sam4s.o(.text)
    ACC_IRQHandler                           0x004002d7   Thumb Code     0  startup_sam4s.o(.text)
    ADC_IRQHandler                           0x004002d7   Thumb Code     0  startup_sam4s.o(.text)
    CRCCU_IRQHandler                         0x004002d7   Thumb Code     0  startup_sam4s.o(.text)
    DACC_IRQHandler                          0x004002d7   Thumb Code     0  startup_sam4s.o(.text)
    EEFC0_IRQHandler                         0x004002d7   Thumb Code     0  startup_sam4s.o(.text)
    EEFC1_IRQHandler                         0x004002d7   Thumb Code     0  startup_sam4s.o(.text)
    HSMCI_IRQHandler                         0x004002d7   Thumb Code     0  startup_sam4s.o(.text)
    PIOA_IRQHandler                          0x004002d7   Thumb Code     0  startup_sam4s.o(.text)
    PIOB_IRQHandler                          0x004002d7   Thumb Code     0  startup_sam4s.o(.text)
    PIOC_IRQHandler                          0x004002d7   Thumb Code     0  startup_sam4s.o(.text)
    PMC_IRQHandler                           0x004002d7   Thumb Code     0  startup_sam4s.o(.text)
    PWM_IRQHandler                           0x004002d7   Thumb Code     0  startup_sam4s.o(.text)
    RSTC_IRQHandler                          0x004002d7   Thumb Code     0  startup_sam4s.o(.text)
    RTC_IRQHandler                           0x004002d7   Thumb Code     0  startup_sam4s.o(.text)
    RTT_IRQHandler                           0x004002d7   Thumb Code     0  startup_sam4s.o(.text)
    SPI_IRQHandler                           0x004002d7   Thumb Code     0  startup_sam4s.o(.text)
    SSC_IRQHandler                           0x004002d7   Thumb Code     0  startup_sam4s.o(.text)
    SUPC_IRQHandler                          0x004002d7   Thumb Code     0  startup_sam4s.o(.text)
    TC0_IRQHandler                           0x004002d7   Thumb Code     0  startup_sam4s.o(.text)
    TC1_IRQHandler                           0x004002d7   Thumb Code     0  startup_sam4s.o(.text)
    TC2_IRQHandler                           0x004002d7   Thumb Code     0  startup_sam4s.o(.text)
    TC3_IRQHandler                           0x004002d7   Thumb Code     0  startup_sam4s.o(.text)
    TC4_IRQHandler                           0x004002d7   Thumb Code     0  startup_sam4s.o(.text)
    TC5_IRQHandler                           0x004002d7   Thumb Code     0  startup_sam4s.o(.text)
    TWI0_IRQHandler                          0x004002d7   Thumb Code     0  startup_sam4s.o(.text)
    TWI1_IRQHandler                          0x004002d7   Thumb Code     0  startup_sam4s.o(.text)
    UART0_IRQHandler                         0x004002d7   Thumb Code     0  startup_sam4s.o(.text)
    UART1_IRQHandler                         0x004002d7   Thumb Code     0  startup_sam4s.o(.text)
    UDP_IRQHandler                           0x004002d7   Thumb Code     0  startup_sam4s.o(.text)
    USART0_IRQHandler                        0x004002d7   Thumb Code     0  startup_sam4s.o(.text)
    USART1_IRQHandler                        0x004002d7   Thumb Code     0  startup_sam4s.o(.text)
    WDT_IRQHandler                           0x004002d7   Thumb Code     0  startup_sam4s.o(.text)
    __user_initial_stackheap                 0x004002d9   Thumb Code     0  startup_sam4s.o(.text)
    __user_libspace                          0x004002fd   Thumb Code     8  libspace.o(.text)
    __user_perproc_libspace                  0x004002fd   Thumb Code     0  libspace.o(.text)
    exit                                     0x00400305   Thumb Code    18  exit.o(.text)
    __use_two_region_memory                  0x00400317   Thumb Code     2  heapauxi.o(.text)
    __rt_heap_escrow$2region                 0x00400319   Thumb Code     2  heapauxi.o(.text)
    __rt_heap_expand$2region                 0x0040031b   Thumb Code     2  heapauxi.o(.text)
    __read_errno                             0x0040031d   Thumb Code    10  _rserrno.o(.text)
    __set_errno                              0x00400327   Thumb Code    12  _rserrno.o(.text)
    __aeabi_errno_addr                       0x00400333   Thumb Code     4  rt_errno_addr_twolibspace.o(.text)
    __errno$twolibspace                      0x00400333   Thumb Code     0  rt_errno_addr_twolibspace.o(.text)
    __rt_errno_addr$twolibspace              0x00400333   Thumb Code     0  rt_errno_addr_twolibspace.o(.text)
    _sys_exit                                0x00400339   Thumb Code     8  sys_exit.o(.text)
    __user_setup_stackheap                   0x00400345   Thumb Code    74  sys_stackheap_outer.o(.text)
    __I$use$semihosting                      0x0040038f   Thumb Code     0  use_no_semi.o(.text)
    __use_no_semihosting_swi                 0x0040038f   Thumb Code     2  use_no_semi.o(.text)
    SVC_Count                                0x00400390   Data           4  svc_table.o(SVC_TABLE)
    __semihosting_library_function           0x00400391   Thumb Code     0  indicate_semi.o(.text)
    IO1_LED_off                              0x00400395   Thumb Code    62  hw_util.o(i.IO1_LED_off)
    SVC_Table                                0x00400394   Data           0  svc_table.o(SVC_TABLE)
    IO1_LED_on                               0x004003d9   Thumb Code    62  hw_util.o(i.IO1_LED_on)
    IO1_SW                                   0x0040041d   Thumb Code    86  hw_util.o(i.IO1_SW)
    IO1_init                                 0x0040047d   Thumb Code   256  hw_util.o(i.IO1_init)
    IO1_read_TEMP                            0x0040059d   Thumb Code    52  hw_util.o(i.IO1_read_TEMP)
    SystemCoreClockUpdate                    0x004005e1   Thumb Code   368  system_sam4s.o(i.SystemCoreClockUpdate)
    SystemInit                               0x00400765   Thumb Code   298  system_sam4s.o(i.SystemInit)
    __ARM_fpclassify                         0x004008b5   Thumb Code    40  fpclassify.o(i.__ARM_fpclassify)
    __kernel_poly                            0x004008dd   Thumb Code   170  poly.o(i.__kernel_poly)
    __mathlib_dbl_divzero                    0x00400989   Thumb Code    12  dunder.o(i.__mathlib_dbl_divzero)
    __mathlib_dbl_infnan2                    0x00400999   Thumb Code     4  dunder.o(i.__mathlib_dbl_infnan2)
    __mathlib_dbl_invalid                    0x0040099d   Thumb Code    12  dunder.o(i.__mathlib_dbl_invalid)
    __mathlib_dbl_overflow                   0x004009a9   Thumb Code    14  dunder.o(i.__mathlib_dbl_overflow)
    __mathlib_dbl_underflow                  0x004009b9   Thumb Code    10  dunder.o(i.__mathlib_dbl_underflow)
    __user_perthread_libspace                0x004009c9   Thumb Code    32  rtx_conf_cm.o(i.__user_perthread_libspace)
    _init_box                                0x004009f5   Thumb Code    70  rt_membox.o(i._init_box)
    _mutex_acquire                           0x00400a3d   Thumb Code    22  rtx_conf_cm.o(i._mutex_acquire)
    _mutex_release                           0x00400a5d   Thumb Code    18  rtx_conf_cm.o(i._mutex_release)
    cdc_uart_init                            0x00400a79   Thumb Code   160  hw_util.o(i.cdc_uart_init)
    cdc_uart_put_char                        0x00400b39   Thumb Code    22  hw_util.o(i.cdc_uart_put_char)
    cdc_uart_put_string                      0x00400b55   Thumb Code    22  hw_util.o(i.cdc_uart_put_string)
    dbg_init                                 0x00400b6d   Thumb Code    34  hal_cm.o(i.dbg_init)
    dbg_task_notify                          0x00400b9d   Thumb Code    32  hal_cm.o(i.dbg_task_notify)
    dbg_task_switch                          0x00400bbd   Thumb Code    16  hal_cm.o(i.dbg_task_switch)
    ftoa                                     0x00400bcd   Thumb Code   140  hw_util.o(i.ftoa)
    intToStr                                 0x00400c5d   Thumb Code    72  hw_util.o(i.intToStr)
    isrMessageGet                            0x00400ca5   Thumb Code    42  rt_cmsis.o(i.isrMessageGet)
    isrMessagePut                            0x00400ccf   Thumb Code    44  rt_cmsis.o(i.isrMessagePut)
    isr_mbx_receive                          0x00400cfd   Thumb Code    82  rt_mailbox.o(i.isr_mbx_receive)
    isr_mbx_send                             0x00400d4f   Thumb Code    14  rt_mailbox.o(i.isr_mbx_send)
    main                                     0x00400d5d   Thumb Code   148  main.o(i.main)
    osDelay                                  0x00400e05   Thumb Code    18  rt_cmsis.o(i.osDelay)
    osKernelInitialize                       0x00400e1d   Thumb Code    30  rt_cmsis.o(i.osKernelInitialize)
    osKernelStart                            0x00400e41   Thumb Code    98  rt_cmsis.o(i.osKernelStart)
    osMessageGet                             0x00400ead   Thumb Code    18  rt_cmsis.o(i.osMessageGet)
    osThreadCreate                           0x00400ec5   Thumb Code    38  rt_cmsis.o(i.osThreadCreate)
    osThreadExit                             0x00400ef5   Thumb Code    14  rt_cmsis.o(i.osThreadExit)
    osTimerCall                              0x00400f0d   Thumb Code     8  rt_cmsis.o(i.osTimerCall)
    osTimerThread                            0x00400f19   Thumb Code    38  rt_cmsis.o(i.osTimerThread)
    os_error                                 0x00400f45   Thumb Code    34  rtx_conf_cm.o(i.os_error)
    os_idle_demon                            0x00400f67   Thumb Code     4  rtx_conf_cm.o(i.os_idle_demon)
    os_tick_init                             0x00400f6d   Thumb Code    32  rt_system.o(i.os_tick_init)
    os_tick_irqack                           0x00400f95   Thumb Code     2  rt_system.o(i.os_tick_irqack)
    pow                                      0x00400f99   Thumb Code  2512  pow.o(i.pow)
    reverse                                  0x00401971   Thumb Code    28  hw_util.o(i.reverse)
    rt_alloc_box                             0x0040198d   Thumb Code    26  rt_membox.o(i.rt_alloc_box)
    rt_alloc_mem                             0x004019a7   Thumb Code    62  rt_memory.o(i.rt_alloc_mem)
    rt_block                                 0x004019e5   Thumb Code    48  rt_task.o(i.rt_block)
    rt_chk_robin                             0x00401a1d   Thumb Code    60  rt_robin.o(i.rt_chk_robin)
    rt_dec_dly                               0x00401a65   Thumb Code   102  rt_list.o(i.rt_dec_dly)
    rt_dispatch                              0x00401ad5   Thumb Code    60  rt_task.o(i.rt_dispatch)
    rt_dly_wait                              0x00401b19   Thumb Code     6  rt_time.o(i.rt_dly_wait)
    rt_evt_psh                               0x00401b21   Thumb Code    76  rt_event.o(i.rt_evt_psh)
    rt_free_box                              0x00401b71   Thumb Code    44  rt_membox.o(i.rt_free_box)
    rt_free_mem                              0x00401b9d   Thumb Code    40  rt_memory.o(i.rt_free_mem)
    rt_get_first                             0x00401bc5   Thumb Code    40  rt_list.o(i.rt_get_first)
    rt_init_mem                              0x00401c3d   Thumb Code    26  rt_memory.o(i.rt_init_mem)
    rt_init_robin                            0x00401c59   Thumb Code    14  rt_robin.o(i.rt_init_robin)
    rt_init_stack                            0x00401c71   Thumb Code   118  hal_cm.o(i.rt_init_stack)
    rt_mbx_check                             0x00401cf1   Thumb Code     8  rt_mailbox.o(i.rt_mbx_check)
    rt_mbx_init                              0x00401cf9   Thumb Code    26  rt_mailbox.o(i.rt_mbx_init)
    rt_mbx_psh                               0x00401d15   Thumb Code   236  rt_mailbox.o(i.rt_mbx_psh)
    rt_mbx_wait                              0x00401e05   Thumb Code   174  rt_mailbox.o(i.rt_mbx_wait)
    rt_mut_release                           0x00401efd   Thumb Code   208  rt_mutex.o(i.rt_mut_release)
    rt_mut_wait                              0x00401fd5   Thumb Code   100  rt_mutex.o(i.rt_mut_wait)
    rt_pop_req                               0x0040203d   Thumb Code   112  rt_system.o(i.rt_pop_req)
    rt_psh_req                               0x004020b9   Thumb Code    22  rt_system.o(i.rt_psh_req)
    rt_psq_enq                               0x004020d9   Thumb Code    88  rt_list.o(i.rt_psq_enq)
    rt_put_dly                               0x00402135   Thumb Code    68  rt_list.o(i.rt_put_dly)
    rt_put_prio                              0x0040217d   Thumb Code    54  rt_list.o(i.rt_put_prio)
    rt_put_rdy_first                         0x004021b5   Thumb Code    14  rt_list.o(i.rt_put_rdy_first)
    rt_resort_prio                           0x004021c9   Thumb Code    46  rt_list.o(i.rt_resort_prio)
    rt_ret_val                               0x004021fd   Thumb Code     6  hal_cm.o(i.rt_ret_val)
    rt_ret_val2                              0x00402203   Thumb Code     8  hal_cm.o(i.rt_ret_val2)
    rt_rmv_dly                               0x0040220b   Thumb Code    40  rt_list.o(i.rt_rmv_dly)
    rt_rmv_list                              0x00402235   Thumb Code    44  rt_list.o(i.rt_rmv_list)
    rt_sem_psh                               0x00402265   Thumb Code    48  rt_semaphore.o(i.rt_sem_psh)
    rt_stk_check                             0x00402299   Thumb Code    28  rt_system.o(i.rt_stk_check)
    rt_switch_req                            0x004022bd   Thumb Code    30  rt_task.o(i.rt_switch_req)
    rt_sys_init                              0x004022e5   Thumb Code   138  rt_task.o(i.rt_sys_init)
    rt_sys_start                             0x004023b1   Thumb Code   110  rt_task.o(i.rt_sys_start)
    rt_systick                               0x00402429   Thumb Code    50  rt_system.o(i.rt_systick)
    rt_tsk_create                            0x004024b1   Thumb Code   118  rt_task.o(i.rt_tsk_create)
    rt_tsk_delete                            0x00402539   Thumb Code   352  rt_task.o(i.rt_tsk_delete)
    rt_tsk_prio                              0x004026b5   Thumb Code   108  rt_task.o(i.rt_tsk_prio)
    rt_tsk_self                              0x00402731   Thumb Code    12  rt_task.o(i.rt_tsk_self)
    sqrt                                     0x00402741   Thumb Code    76  sqrt.o(i.sqrt)
    svcDelay                                 0x0040278d   Thumb Code    18  rt_cmsis.o(i.svcDelay)
    svcKernelInitialize                      0x004027a1   Thumb Code    80  rt_cmsis.o(i.svcKernelInitialize)
    svcKernelStart                           0x00402811   Thumb Code    62  rt_cmsis.o(i.svcKernelStart)
    svcMessageCreate                         0x00402859   Thumb Code    36  rt_cmsis.o(i.svcMessageCreate)
    svcMessageGet                            0x0040287d   Thumb Code    58  rt_cmsis.o(i.svcMessageGet)
    svcThreadCreate                          0x004028b9   Thumb Code   100  rt_cmsis.o(i.svcThreadCreate)
    svcThreadGetId                           0x00402929   Thumb Code    22  rt_cmsis.o(i.svcThreadGetId)
    svcThreadTerminate                       0x00402945   Thumb Code    50  rt_cmsis.o(i.svcThreadTerminate)
    svcTimerCall                             0x0040297d   Thumb Code    24  rt_cmsis.o(i.svcTimerCall)
    sysTimerTick                             0x00402995   Thumb Code    84  rt_cmsis.o(i.sysTimerTick)
    __aeabi_d2f                              0x004029f1   Thumb Code     0  d2f.o(x$fpl$d2f)
    _d2f                                     0x004029f1   Thumb Code    98  d2f.o(x$fpl$d2f)
    __aeabi_dadd                             0x00402a55   Thumb Code     0  daddsub_clz.o(x$fpl$dadd)
    _dadd                                    0x00402a55   Thumb Code   332  daddsub_clz.o(x$fpl$dadd)
    __fpl_dcheck_NaN1                        0x00402ba5   Thumb Code    10  dcheck1.o(x$fpl$dcheck1)
    __fpl_dcmp_Inf                           0x00402bb5   Thumb Code    24  dcmpi.o(x$fpl$dcmpinf)
    __aeabi_ddiv                             0x00402bcd   Thumb Code     0  ddiv.o(x$fpl$ddiv)
    _ddiv                                    0x00402bcd   Thumb Code   552  ddiv.o(x$fpl$ddiv)
    __aeabi_i2d                              0x00402e7d   Thumb Code     0  dflt_clz.o(x$fpl$dflt)
    _dflt                                    0x00402e7d   Thumb Code    46  dflt_clz.o(x$fpl$dflt)
    __aeabi_cdcmple                          0x00402ead   Thumb Code     0  dleqf.o(x$fpl$dleqf)
    _dcmple                                  0x00402ead   Thumb Code   120  dleqf.o(x$fpl$dleqf)
    __fpl_dcmple_InfNaN                      0x00402f0f   Thumb Code     0  dleqf.o(x$fpl$dleqf)
    __aeabi_dmul                             0x00402f25   Thumb Code     0  dmul.o(x$fpl$dmul)
    _dmul                                    0x00402f25   Thumb Code   332  dmul.o(x$fpl$dmul)
    __fpl_dnaninf                            0x00403079   Thumb Code   156  dnaninf.o(x$fpl$dnaninf)
    __fpl_dretinf                            0x00403115   Thumb Code    12  dretinf.o(x$fpl$dretinf)
    __aeabi_cdrcmple                         0x00403121   Thumb Code     0  drleqf.o(x$fpl$drleqf)
    _drcmple                                 0x00403121   Thumb Code   108  drleqf.o(x$fpl$drleqf)
    __aeabi_drsub                            0x0040318d   Thumb Code     0  daddsub_clz.o(x$fpl$drsb)
    _drsb                                    0x0040318d   Thumb Code    22  daddsub_clz.o(x$fpl$drsb)
    _dsqrt                                   0x004031a5   Thumb Code   404  dsqrt_umaal.o(x$fpl$dsqrt)
    __aeabi_dsub                             0x0040333d   Thumb Code     0  daddsub_clz.o(x$fpl$dsub)
    _dsub                                    0x0040333d   Thumb Code   464  daddsub_clz.o(x$fpl$dsub)
    __aeabi_f2d                              0x00403511   Thumb Code     0  f2d.o(x$fpl$f2d)
    _f2d                                     0x00403511   Thumb Code    86  f2d.o(x$fpl$f2d)
    __aeabi_fadd                             0x00403569   Thumb Code     0  faddsub_clz.o(x$fpl$fadd)
    _fadd                                    0x00403569   Thumb Code   196  faddsub_clz.o(x$fpl$fadd)
    __aeabi_f2iz                             0x0040362d   Thumb Code     0  ffix.o(x$fpl$ffix)
    _ffix                                    0x0040362d   Thumb Code    54  ffix.o(x$fpl$ffix)
    __aeabi_i2f                              0x00403665   Thumb Code     0  fflt_clz.o(x$fpl$fflt)
    _fflt                                    0x00403665   Thumb Code    48  fflt_clz.o(x$fpl$fflt)
    __fpl_fnaninf                            0x00403695   Thumb Code   140  fnaninf.o(x$fpl$fnaninf)
    __fpl_fretinf                            0x00403721   Thumb Code    10  fretinf.o(x$fpl$fretinf)
    __aeabi_frsub                            0x0040372b   Thumb Code     0  faddsub_clz.o(x$fpl$frsb)
    _frsb                                    0x0040372b   Thumb Code    20  faddsub_clz.o(x$fpl$frsb)
    __aeabi_fsub                             0x00403741   Thumb Code     0  faddsub_clz.o(x$fpl$fsub)
    _fsub                                    0x00403741   Thumb Code   234  faddsub_clz.o(x$fpl$fsub)
    __fpl_return_NaN                         0x0040382b   Thumb Code   100  retnan.o(x$fpl$retnan)
    __ARM_scalbn                             0x0040388f   Thumb Code    92  scalbn.o(x$fpl$scalbn)
    __fpl_cmpreturn                          0x004038eb   Thumb Code    48  trapv.o(x$fpl$trapveneer)
    __I$use$fp                               0x0040391a   Number         0  usenofp.o(x$fpl$usenofp)
    os_maxtaskrun                            0x0040391c   Data           2  rtx_conf_cm.o(.constdata)
    os_stackinfo                             0x00403920   Data           4  rtx_conf_cm.o(.constdata)
    os_rrobin                                0x00403924   Data           4  rtx_conf_cm.o(.constdata)
    os_tickfreq                              0x00403928   Data           4  rtx_conf_cm.o(.constdata)
    os_tickus_i                              0x0040392c   Data           2  rtx_conf_cm.o(.constdata)
    os_tickus_f                              0x0040392e   Data           2  rtx_conf_cm.o(.constdata)
    os_trv                                   0x00403930   Data           4  rtx_conf_cm.o(.constdata)
    os_flags                                 0x00403934   Data           1  rtx_conf_cm.o(.constdata)
    CMSIS_RTOS_API_Version                   0x00403938   Data           4  rtx_conf_cm.o(.constdata)
    CMSIS_RTOS_RTX_Version                   0x0040393c   Data           4  rtx_conf_cm.o(.constdata)
    os_clockrate                             0x00403940   Data           4  rtx_conf_cm.o(.constdata)
    os_timernum                              0x00403944   Data           4  rtx_conf_cm.o(.constdata)
    mp_tcb_size                              0x00403948   Data           2  rtx_conf_cm.o(.constdata)
    mp_stk_size                              0x0040394c   Data           4  rtx_conf_cm.o(.constdata)
    os_stack_sz                              0x00403950   Data           4  rtx_conf_cm.o(.constdata)
    os_fifo_size                             0x00403954   Data           1  rtx_conf_cm.o(.constdata)
    os_thread_def_osTimerThread              0x00403958   Data          16  rtx_conf_cm.o(.constdata)
    os_messageQ_def_osTimerMessageQ          0x00403968   Data           8  rtx_conf_cm.o(.constdata)
    mp_tmr_size                              0x00403970   Data           2  rtx_conf_cm.o(.constdata)
    __mathlib_zero                           0x00403a00   Data           8  qnan.o(.constdata)
    Region$$Table$$Base                      0x00403a08   Number         0  anon$$obj.o(Region$$Table)
    Region$$Table$$Limit                     0x00403a28   Number         0  anon$$obj.o(Region$$Table)
    osThreadId_osTimerThread                 0x20000000   Data           4  rtx_conf_cm.o(.data)
    osMessageQId_osTimerMessageQ             0x20000004   Data           4  rtx_conf_cm.o(.data)
    os_tmr                                   0x20000008   Data           4  rtx_conf_cm.o(.data)
    m_tmr                                    0x2000000c   Data           4  rtx_conf_cm.o(.data)
    os_thread_def_main                       0x20000014   Data          16  rtx_conf_cm.o(.data)
    SystemCoreClock                          0x20000024   Data           4  system_sam4s.o(.data)
    os_initialized                           0x20000028   Data           1  rt_cmsis.o(.data)
    os_running                               0x20000029   Data           1  rt_cmsis.o(.data)
    os_timer_head                            0x2000002c   Data           4  rt_cmsis.o(.data)
    os_tsk                                   0x20000030   Data           8  rt_task.o(.data)
    os_tick_irqn                             0x2000003c   Data           4  rt_system.o(.data)
    os_time                                  0x20000040   Data           4  rt_time.o(.data)
    os_robin                                 0x20000044   Data           8  rt_robin.o(.data)
    dbg_msg                                  0x2000004c   Data           1  hal_cm.o(.data)
    mp_tcb                                   0x20000050   Data         376  rtx_conf_cm.o(.bss)
    mp_stk                                   0x200001c8   Data        1216  rtx_conf_cm.o(.bss)
    os_stack_mem                             0x20000688   Data         432  rtx_conf_cm.o(.bss)
    os_fifo                                  0x20000838   Data         132  rtx_conf_cm.o(.bss)
    os_active_TCB                            0x200008bc   Data          28  rtx_conf_cm.o(.bss)
    os_messageQ_q_osTimerMessageQ            0x200008d8   Data          32  rtx_conf_cm.o(.bss)
    os_idle_TCB                              0x20000c18   Data          52  rt_task.o(.bss)
    os_rdy                                   0x20000c4c   Data          24  rt_list.o(.bss)
    os_dly                                   0x20000c64   Data          24  rt_list.o(.bss)
    __libspace_start                         0x20000c7c   Data          96  libspace.o(.bss)
    __temporary_stack_top$libspace           0x20000cdc   Data           0  libspace.o(.bss)



==============================================================================

Memory Map of the image

  Image Entry point : 0x004002bd

  Load Region LR_1 (Base: 0x00400000, Size: 0x00003a78, Max: 0xffffffff, ABSOLUTE)

    Execution Region ER_RO (Base: 0x00400000, Size: 0x00003a28, Max: 0xffffffff, ABSOLUTE)

    Base Addr    Size         Type   Attr      Idx    E Section Name        Object

    0x00400000   0x000000cc   Data   RO          468    RESET               startup_sam4s.o
    0x004000cc   0x00000008   Code   RO         1734  * !!!main             c_w.l(__main.o)
    0x004000d4   0x00000034   Code   RO         2004    !!!scatter          c_w.l(__scatter.o)
    0x00400108   0x0000001a   Code   RO         2006    !!handler_copy      c_w.l(__scatter_copy.o)
    0x00400122   0x00000002   PAD
    0x00400124   0x0000001c   Code   RO         2008    !!handler_zi        c_w.l(__scatter_zi.o)
    0x00400140   0x00000002   Code   RO         1884    .ARM.Collect$$libinit$$00000000  c_w.l(libinit.o)
    0x00400142   0x00000000   Code   RO         1900    .ARM.Collect$$libinit$$00000002  c_w.l(libinit2.o)
    0x00400142   0x00000000   Code   RO         1902    .ARM.Collect$$libinit$$00000004  c_w.l(libinit2.o)
    0x00400142   0x00000000   Code   RO         1905    .ARM.Collect$$libinit$$0000000A  c_w.l(libinit2.o)
    0x00400142   0x00000000   Code   RO         1907    .ARM.Collect$$libinit$$0000000C  c_w.l(libinit2.o)
    0x00400142   0x00000000   Code   RO         1909    .ARM.Collect$$libinit$$0000000E  c_w.l(libinit2.o)
    0x00400142   0x00000000   Code   RO         1912    .ARM.Collect$$libinit$$00000011  c_w.l(libinit2.o)
    0x00400142   0x00000000   Code   RO         1914    .ARM.Collect$$libinit$$00000013  c_w.l(libinit2.o)
    0x00400142   0x00000000   Code   RO         1916    .ARM.Collect$$libinit$$00000015  c_w.l(libinit2.o)
    0x00400142   0x00000000   Code   RO         1918    .ARM.Collect$$libinit$$00000017  c_w.l(libinit2.o)
    0x00400142   0x00000000   Code   RO         1920    .ARM.Collect$$libinit$$00000019  c_w.l(libinit2.o)
    0x00400142   0x00000000   Code   RO         1922    .ARM.Collect$$libinit$$0000001B  c_w.l(libinit2.o)
    0x00400142   0x00000000   Code   RO         1924    .ARM.Collect$$libinit$$0000001D  c_w.l(libinit2.o)
    0x00400142   0x00000000   Code   RO         1926    .ARM.Collect$$libinit$$0000001F  c_w.l(libinit2.o)
    0x00400142   0x00000000   Code   RO         1928    .ARM.Collect$$libinit$$00000021  c_w.l(libinit2.o)
    0x00400142   0x00000000   Code   RO         1930    .ARM.Collect$$libinit$$00000023  c_w.l(libinit2.o)
    0x00400142   0x00000000   Code   RO         1932    .ARM.Collect$$libinit$$00000025  c_w.l(libinit2.o)
    0x00400142   0x00000000   Code   RO         1936    .ARM.Collect$$libinit$$0000002C  c_w.l(libinit2.o)
    0x00400142   0x00000000   Code   RO         1938    .ARM.Collect$$libinit$$0000002E  c_w.l(libinit2.o)
    0x00400142   0x00000000   Code   RO         1940    .ARM.Collect$$libinit$$00000030  c_w.l(libinit2.o)
    0x00400142   0x00000000   Code   RO         1942    .ARM.Collect$$libinit$$00000032  c_w.l(libinit2.o)
    0x00400142   0x00000002   Code   RO         1943    .ARM.Collect$$libinit$$00000033  c_w.l(libinit2.o)
    0x00400144   0x00000002   Code   RO         1885    .ARM.Collect$$libshutdown$$00000000  c_w.l(libshutdown.o)
    0x00400146   0x00000000   Code   RO         1945    .ARM.Collect$$libshutdown$$00000002  c_w.l(libshutdown2.o)
    0x00400146   0x00000000   Code   RO         1947    .ARM.Collect$$libshutdown$$00000004  c_w.l(libshutdown2.o)
    0x00400146   0x00000000   Code   RO         1950    .ARM.Collect$$libshutdown$$00000007  c_w.l(libshutdown2.o)
    0x00400146   0x00000000   Code   RO         1953    .ARM.Collect$$libshutdown$$0000000A  c_w.l(libshutdown2.o)
    0x00400146   0x00000000   Code   RO         1955    .ARM.Collect$$libshutdown$$0000000C  c_w.l(libshutdown2.o)
    0x00400146   0x00000000   Code   RO         1958    .ARM.Collect$$libshutdown$$0000000F  c_w.l(libshutdown2.o)
    0x00400146   0x00000002   Code   RO         1959    .ARM.Collect$$libshutdown$$00000010  c_w.l(libshutdown2.o)
    0x00400148   0x00000000   Code   RO         1780    .ARM.Collect$$rtentry$$00000000  c_w.l(__rtentry.o)
    0x00400148   0x00000000   Code   RO         1834    .ARM.Collect$$rtentry$$00000002  c_w.l(__rtentry2.o)
    0x00400148   0x00000006   Code   RO         1846    .ARM.Collect$$rtentry$$00000004  c_w.l(__rtentry4.o)
    0x0040014e   0x00000000   Code   RO         1836    .ARM.Collect$$rtentry$$00000009  c_w.l(__rtentry2.o)
    0x0040014e   0x00000004   Code   RO         1837    .ARM.Collect$$rtentry$$0000000A  c_w.l(__rtentry2.o)
    0x00400152   0x00000008   Code   RO         1838    .ARM.Collect$$rtentry$$0000000B  c_w.l(__rtentry2.o)
    0x0040015a   0x00000008   Code   RO         1840    .ARM.Collect$$rtentry$$0000000D  c_w.l(__rtentry2.o)
    0x00400162   0x00000002   Code   RO         1781    .ARM.Collect$$rtexit$$00000000  c_w.l(rtexit.o)
    0x00400164   0x00000000   Code   RO         1849    .ARM.Collect$$rtexit$$00000002  c_w.l(rtexit2.o)
    0x00400164   0x00000004   Code   RO         1850    .ARM.Collect$$rtexit$$00000003  c_w.l(rtexit2.o)
    0x00400168   0x00000006   Code   RO         1851    .ARM.Collect$$rtexit$$00000004  c_w.l(rtexit2.o)
    0x0040016e   0x00000002   PAD
    0x00400170   0x0000001c   Code   RO          408    .emb_text           rtx_conf_cm.o
    0x0040018c   0x00000130   Code   RO         1710    .emb_text           RTX_CM3.lib(hal_cm3.o)
    0x004002bc   0x00000040   Code   RO          469  * .text               startup_sam4s.o
    0x004002fc   0x00000008   Code   RO         1725    .text               c_w.l(libspace.o)
    0x00400304   0x00000012   Code   RO         1730    .text               c_w.l(exit.o)
    0x00400316   0x00000006   Code   RO         1732    .text               c_w.l(heapauxi.o)
    0x0040031c   0x00000016   Code   RO         1787    .text               c_w.l(_rserrno.o)
    0x00400332   0x00000004   Code   RO         1862    .text               c_w.l(rt_errno_addr_twolibspace.o)
    0x00400336   0x00000002   PAD
    0x00400338   0x0000000c   Code   RO         1870    .text               c_w.l(sys_exit.o)
    0x00400344   0x0000004a   Code   RO         1872    .text               c_w.l(sys_stackheap_outer.o)
    0x0040038e   0x00000002   Code   RO         1890    .text               c_w.l(use_no_semi.o)
    0x00400390   0x00000000   Code   RO         1892    .text               c_w.l(indicate_semi.o)
    0x00400390   0x00000004   Code   RO         1720    SVC_TABLE           RTX_CM3.lib(svc_table.o)
    0x00400394   0x00000044   Code   RO          253    i.IO1_LED_off       hw_util.o
    0x004003d8   0x00000044   Code   RO          254    i.IO1_LED_on        hw_util.o
    0x0040041c   0x00000060   Code   RO          256    i.IO1_SW            hw_util.o
    0x0040047c   0x00000120   Code   RO          257    i.IO1_init          hw_util.o
    0x0040059c   0x00000044   Code   RO          259    i.IO1_read_TEMP     hw_util.o
    0x004005e0   0x00000184   Code   RO          476    i.SystemCoreClockUpdate  system_sam4s.o
    0x00400764   0x00000150   Code   RO          477    i.SystemInit        system_sam4s.o
    0x004008b4   0x00000028   Code   RO         1820    i.__ARM_fpclassify  m_ws.l(fpclassify.o)
    0x004008dc   0x000000aa   Code   RO         1822    i.__kernel_poly     m_ws.l(poly.o)
    0x00400986   0x00000002   PAD
    0x00400988   0x00000010   Code   RO         1806    i.__mathlib_dbl_divzero  m_ws.l(dunder.o)
    0x00400998   0x00000004   Code   RO         1808    i.__mathlib_dbl_infnan2  m_ws.l(dunder.o)
    0x0040099c   0x0000000c   Code   RO         1809    i.__mathlib_dbl_invalid  m_ws.l(dunder.o)
    0x004009a8   0x0000000e   Code   RO         1810    i.__mathlib_dbl_overflow  m_ws.l(dunder.o)
    0x004009b6   0x00000002   PAD
    0x004009b8   0x00000010   Code   RO         1812    i.__mathlib_dbl_underflow  m_ws.l(dunder.o)
    0x004009c8   0x0000002c   Code   RO          409    i.__user_perthread_libspace  rtx_conf_cm.o
    0x004009f4   0x00000046   Code   RO         1609    i._init_box         RTX_CM3.lib(rt_membox.o)
    0x00400a3a   0x00000002   PAD
    0x00400a3c   0x00000020   Code   RO          410    i._mutex_acquire    rtx_conf_cm.o
    0x00400a5c   0x0000001c   Code   RO          412    i._mutex_release    rtx_conf_cm.o
    0x00400a78   0x000000c0   Code   RO          260    i.cdc_uart_init     hw_util.o
    0x00400b38   0x0000001c   Code   RO          261    i.cdc_uart_put_char  hw_util.o
    0x00400b54   0x00000016   Code   RO          262    i.cdc_uart_put_string  hw_util.o
    0x00400b6a   0x00000002   PAD
    0x00400b6c   0x00000030   Code   RO         1662    i.dbg_init          RTX_CM3.lib(hal_cm.o)
    0x00400b9c   0x00000020   Code   RO         1663    i.dbg_task_notify   RTX_CM3.lib(hal_cm.o)
    0x00400bbc   0x00000010   Code   RO         1664    i.dbg_task_switch   RTX_CM3.lib(hal_cm.o)
    0x00400bcc   0x00000090   Code   RO          271    i.ftoa              hw_util.o
    0x00400c5c   0x00000048   Code   RO          272    i.intToStr          hw_util.o
    0x00400ca4   0x0000002a   Code   RO          515    i.isrMessageGet     RTX_CM3.lib(rt_cmsis.o)
    0x00400cce   0x0000002c   Code   RO          516    i.isrMessagePut     RTX_CM3.lib(rt_cmsis.o)
    0x00400cfa   0x00000002   PAD
    0x00400cfc   0x00000052   Code   RO         1464    i.isr_mbx_receive   RTX_CM3.lib(rt_mailbox.o)
    0x00400d4e   0x0000000e   Code   RO         1465    i.isr_mbx_send      RTX_CM3.lib(rt_mailbox.o)
    0x00400d5c   0x000000a8   Code   RO            4    i.main              main.o
    0x00400e04   0x00000018   Code   RO          519    i.osDelay           RTX_CM3.lib(rt_cmsis.o)
    0x00400e1c   0x00000024   Code   RO          520    i.osKernelInitialize  RTX_CM3.lib(rt_cmsis.o)
    0x00400e40   0x0000006c   Code   RO          522    i.osKernelStart     RTX_CM3.lib(rt_cmsis.o)
    0x00400eac   0x00000018   Code   RO          531    i.osMessageGet      RTX_CM3.lib(rt_cmsis.o)
    0x00400ec4   0x00000030   Code   RO          548    i.osThreadCreate    RTX_CM3.lib(rt_cmsis.o)
    0x00400ef4   0x00000018   Code   RO          549    i.osThreadExit      RTX_CM3.lib(rt_cmsis.o)
    0x00400f0c   0x0000000c   Code   RO          555    i.osTimerCall       RTX_CM3.lib(rt_cmsis.o)
    0x00400f18   0x0000002c   Code   RO          560    i.osTimerThread     RTX_CM3.lib(rt_cmsis.o)
    0x00400f44   0x00000022   Code   RO          413    i.os_error          rtx_conf_cm.o
    0x00400f66   0x00000004   Code   RO          414    i.os_idle_demon     rtx_conf_cm.o
    0x00400f6a   0x00000002   PAD
    0x00400f6c   0x00000028   Code   RO         1256    i.os_tick_init      RTX_CM3.lib(rt_system.o)
    0x00400f94   0x00000002   Code   RO         1257    i.os_tick_irqack    RTX_CM3.lib(rt_system.o)
    0x00400f96   0x00000002   PAD
    0x00400f98   0x000009d8   Code   RO         1771    i.pow               m_ws.l(pow.o)
    0x00401970   0x0000001c   Code   RO          273    i.reverse           hw_util.o
    0x0040198c   0x0000001a   Code   RO         1610    i.rt_alloc_box      RTX_CM3.lib(rt_membox.o)
    0x004019a6   0x0000003e   Code   RO         1638    i.rt_alloc_mem      RTX_CM3.lib(rt_memory.o)
    0x004019e4   0x00000038   Code   RO         1137    i.rt_block          RTX_CM3.lib(rt_task.o)
    0x00401a1c   0x00000048   Code   RO         1587    i.rt_chk_robin      RTX_CM3.lib(rt_robin.o)
    0x00401a64   0x00000070   Code   RO         1388    i.rt_dec_dly        RTX_CM3.lib(rt_list.o)
    0x00401ad4   0x00000044   Code   RO         1138    i.rt_dispatch       RTX_CM3.lib(rt_task.o)
    0x00401b18   0x00000006   Code   RO         1554    i.rt_dly_wait       RTX_CM3.lib(rt_time.o)
    0x00401b1e   0x00000002   PAD
    0x00401b20   0x00000050   Code   RO         1349    i.rt_evt_psh        RTX_CM3.lib(rt_event.o)
    0x00401b70   0x0000002c   Code   RO         1611    i.rt_free_box       RTX_CM3.lib(rt_membox.o)
    0x00401b9c   0x00000028   Code   RO         1639    i.rt_free_mem       RTX_CM3.lib(rt_memory.o)
    0x00401bc4   0x00000028   Code   RO         1389    i.rt_get_first      RTX_CM3.lib(rt_list.o)
    0x00401bec   0x00000008   Code   RO          565    i.rt_id2obj         RTX_CM3.lib(rt_cmsis.o)
    0x00401bf4   0x00000048   Code   RO         1139    i.rt_init_context   RTX_CM3.lib(rt_task.o)
    0x00401c3c   0x0000001a   Code   RO         1640    i.rt_init_mem       RTX_CM3.lib(rt_memory.o)
    0x00401c56   0x00000002   PAD
    0x00401c58   0x00000018   Code   RO         1588    i.rt_init_robin     RTX_CM3.lib(rt_robin.o)
    0x00401c70   0x00000080   Code   RO         1665    i.rt_init_stack     RTX_CM3.lib(hal_cm.o)
    0x00401cf0   0x00000008   Code   RO         1466    i.rt_mbx_check      RTX_CM3.lib(rt_mailbox.o)
    0x00401cf8   0x0000001a   Code   RO         1467    i.rt_mbx_init       RTX_CM3.lib(rt_mailbox.o)
    0x00401d12   0x00000002   PAD
    0x00401d14   0x000000f0   Code   RO         1468    i.rt_mbx_psh        RTX_CM3.lib(rt_mailbox.o)
    0x00401e04   0x000000b4   Code   RO         1470    i.rt_mbx_wait       RTX_CM3.lib(rt_mailbox.o)
    0x00401eb8   0x00000044   Code   RO          566    i.rt_ms2tick        RTX_CM3.lib(rt_cmsis.o)
    0x00401efc   0x000000d8   Code   RO         1223    i.rt_mut_release    RTX_CM3.lib(rt_mutex.o)
    0x00401fd4   0x00000068   Code   RO         1224    i.rt_mut_wait       RTX_CM3.lib(rt_mutex.o)
    0x0040203c   0x0000007c   Code   RO         1260    i.rt_pop_req        RTX_CM3.lib(rt_system.o)
    0x004020b8   0x00000020   Code   RO         1261    i.rt_psh_req        RTX_CM3.lib(rt_system.o)
    0x004020d8   0x0000005c   Code   RO         1391    i.rt_psq_enq        RTX_CM3.lib(rt_list.o)
    0x00402134   0x00000048   Code   RO         1392    i.rt_put_dly        RTX_CM3.lib(rt_list.o)
    0x0040217c   0x00000036   Code   RO         1393    i.rt_put_prio       RTX_CM3.lib(rt_list.o)
    0x004021b2   0x00000002   PAD
    0x004021b4   0x00000014   Code   RO         1394    i.rt_put_rdy_first  RTX_CM3.lib(rt_list.o)
    0x004021c8   0x00000034   Code   RO         1395    i.rt_resort_prio    RTX_CM3.lib(rt_list.o)
    0x004021fc   0x00000006   Code   RO         1666    i.rt_ret_val        RTX_CM3.lib(hal_cm.o)
    0x00402202   0x00000008   Code   RO         1667    i.rt_ret_val2       RTX_CM3.lib(hal_cm.o)
    0x0040220a   0x00000028   Code   RO         1396    i.rt_rmv_dly        RTX_CM3.lib(rt_list.o)
    0x00402232   0x00000002   PAD
    0x00402234   0x00000030   Code   RO         1397    i.rt_rmv_list       RTX_CM3.lib(rt_list.o)
    0x00402264   0x00000034   Code   RO         1515    i.rt_sem_psh        RTX_CM3.lib(rt_semaphore.o)
    0x00402298   0x00000024   Code   RO         1263    i.rt_stk_check      RTX_CM3.lib(rt_system.o)
    0x004022bc   0x00000028   Code   RO         1140    i.rt_switch_req     RTX_CM3.lib(rt_task.o)
    0x004022e4   0x000000cc   Code   RO         1141    i.rt_sys_init       RTX_CM3.lib(rt_task.o)
    0x004023b0   0x00000078   Code   RO         1142    i.rt_sys_start      RTX_CM3.lib(rt_task.o)
    0x00402428   0x00000040   Code   RO         1265    i.rt_systick        RTX_CM3.lib(rt_system.o)
    0x00402468   0x00000012   Code   RO          567    i.rt_tid2ptcb       RTX_CM3.lib(rt_cmsis.o)
    0x0040247a   0x00000002   PAD
    0x0040247c   0x00000034   Code   RO          568    i.rt_timer_insert   RTX_CM3.lib(rt_cmsis.o)
    0x004024b0   0x00000088   Code   RO         1143    i.rt_tsk_create     RTX_CM3.lib(rt_task.o)
    0x00402538   0x0000017c   Code   RO         1144    i.rt_tsk_delete     RTX_CM3.lib(rt_task.o)
    0x004026b4   0x0000007c   Code   RO         1146    i.rt_tsk_prio       RTX_CM3.lib(rt_task.o)
    0x00402730   0x00000010   Code   RO         1147    i.rt_tsk_self       RTX_CM3.lib(rt_task.o)
    0x00402740   0x0000004c   Code   RO         1826    i.sqrt              m_ws.l(sqrt.o)
    0x0040278c   0x00000012   Code   RO          570    i.svcDelay          RTX_CM3.lib(rt_cmsis.o)
    0x0040279e   0x00000002   PAD
    0x004027a0   0x00000070   Code   RO          571    i.svcKernelInitialize  RTX_CM3.lib(rt_cmsis.o)
    0x00402810   0x00000048   Code   RO          573    i.svcKernelStart    RTX_CM3.lib(rt_cmsis.o)
    0x00402858   0x00000024   Code   RO          576    i.svcMessageCreate  RTX_CM3.lib(rt_cmsis.o)
    0x0040287c   0x0000003a   Code   RO          577    i.svcMessageGet     RTX_CM3.lib(rt_cmsis.o)
    0x004028b6   0x00000002   PAD
    0x004028b8   0x00000070   Code   RO          591    i.svcThreadCreate   RTX_CM3.lib(rt_cmsis.o)
    0x00402928   0x0000001c   Code   RO          592    i.svcThreadGetId    RTX_CM3.lib(rt_cmsis.o)
    0x00402944   0x00000038   Code   RO          595    i.svcThreadTerminate  RTX_CM3.lib(rt_cmsis.o)
    0x0040297c   0x00000018   Code   RO          597    i.svcTimerCall      RTX_CM3.lib(rt_cmsis.o)
    0x00402994   0x0000005c   Code   RO          606    i.sysTimerTick      RTX_CM3.lib(rt_cmsis.o)
    0x004029f0   0x00000062   Code   RO         1736    x$fpl$d2f           fz_ws.l(d2f.o)
    0x00402a52   0x00000002   PAD
    0x00402a54   0x00000150   Code   RO         1738    x$fpl$dadd          fz_ws.l(daddsub_clz.o)
    0x00402ba4   0x00000010   Code   RO         1864    x$fpl$dcheck1       fz_ws.l(dcheck1.o)
    0x00402bb4   0x00000018   Code   RO         1886    x$fpl$dcmpinf       fz_ws.l(dcmpi.o)
    0x00402bcc   0x000002b0   Code   RO         1790    x$fpl$ddiv          fz_ws.l(ddiv.o)
    0x00402e7c   0x0000002e   Code   RO         1745    x$fpl$dflt          fz_ws.l(dflt_clz.o)
    0x00402eaa   0x00000002   PAD
    0x00402eac   0x00000078   Code   RO         1866    x$fpl$dleqf         fz_ws.l(dleqf.o)
    0x00402f24   0x00000154   Code   RO         1750    x$fpl$dmul          fz_ws.l(dmul.o)
    0x00403078   0x0000009c   Code   RO         1793    x$fpl$dnaninf       fz_ws.l(dnaninf.o)
    0x00403114   0x0000000c   Code   RO         1795    x$fpl$dretinf       fz_ws.l(dretinf.o)
    0x00403120   0x0000006c   Code   RO         1797    x$fpl$drleqf        fz_ws.l(drleqf.o)
    0x0040318c   0x00000016   Code   RO         1739    x$fpl$drsb          fz_ws.l(daddsub_clz.o)
    0x004031a2   0x00000002   PAD
    0x004031a4   0x00000198   Code   RO         1868    x$fpl$dsqrt         fz_ws.l(dsqrt_umaal.o)
    0x0040333c   0x000001d4   Code   RO         1740    x$fpl$dsub          fz_ws.l(daddsub_clz.o)
    0x00403510   0x00000056   Code   RO         1752    x$fpl$f2d           fz_ws.l(f2d.o)
    0x00403566   0x00000002   PAD
    0x00403568   0x000000c4   Code   RO         1754    x$fpl$fadd          fz_ws.l(faddsub_clz.o)
    0x0040362c   0x00000036   Code   RO         1760    x$fpl$ffix          fz_ws.l(ffix.o)
    0x00403662   0x00000002   PAD
    0x00403664   0x00000030   Code   RO         1765    x$fpl$fflt          fz_ws.l(fflt_clz.o)
    0x00403694   0x0000008c   Code   RO         1799    x$fpl$fnaninf       fz_ws.l(fnaninf.o)
    0x00403720   0x0000000a   Code   RO         1801    x$fpl$fretinf       fz_ws.l(fretinf.o)
    0x0040372a   0x00000014   Code   RO         1755    x$fpl$frsb          fz_ws.l(faddsub_clz.o)
    0x0040373e   0x00000002   PAD
    0x00403740   0x000000ea   Code   RO         1756    x$fpl$fsub          fz_ws.l(faddsub_clz.o)
    0x0040382a   0x00000064   Code   RO         1888    x$fpl$retnan        fz_ws.l(retnan.o)
    0x0040388e   0x0000005c   Code   RO         1803    x$fpl$scalbn        fz_ws.l(scalbn.o)
    0x004038ea   0x00000030   Code   RO         1960    x$fpl$trapveneer    fz_ws.l(trapv.o)
    0x0040391a   0x00000000   Code   RO         1805    x$fpl$usenofp       fz_ws.l(usenofp.o)
    0x0040391a   0x00000002   PAD
    0x0040391c   0x00000056   Data   RO          416    .constdata          rtx_conf_cm.o
    0x00403972   0x00000006   PAD
    0x00403978   0x00000088   Data   RO         1772    .constdata          m_ws.l(pow.o)
    0x00403a00   0x00000008   Data   RO         1824    .constdata          m_ws.l(qnan.o)
    0x00403a08   0x00000020   Data   RO         2002    Region$$Table       anon$$obj.o


    Execution Region ER_RW (Base: 0x20000000, Size: 0x00000050, Max: 0xffffffff, ABSOLUTE)

    Base Addr    Size         Type   Attr      Idx    E Section Name        Object

    0x20000000   0x00000024   Data   RW          417    .data               rtx_conf_cm.o
    0x20000024   0x00000004   Data   RW          478    .data               system_sam4s.o
    0x20000028   0x00000008   Data   RW          609    .data               RTX_CM3.lib(rt_cmsis.o)
    0x20000030   0x00000008   Data   RW         1149    .data               RTX_CM3.lib(rt_task.o)
    0x20000038   0x00000008   Data   RW         1268    .data               RTX_CM3.lib(rt_system.o)
    0x20000040   0x00000004   Data   RW         1558    .data               RTX_CM3.lib(rt_time.o)
    0x20000044   0x00000008   Data   RW         1589    .data               RTX_CM3.lib(rt_robin.o)
    0x2000004c   0x00000001   Data   RW         1668    .data               RTX_CM3.lib(hal_cm.o)


    Execution Region ER_ZI (Base: 0x20000050, Size: 0x00001090, Max: 0xffffffff, ABSOLUTE)

    Base Addr    Size         Type   Attr      Idx    E Section Name        Object

    0x20000050   0x00000bc8   Zero   RW          415    .bss                rtx_conf_cm.o
    0x20000c18   0x00000034   Zero   RW         1148    .bss                RTX_CM3.lib(rt_task.o)
    0x20000c4c   0x00000030   Zero   RW         1398    .bss                RTX_CM3.lib(rt_list.o)
    0x20000c7c   0x00000060   Zero   RW         1726    .bss                c_w.l(libspace.o)
    0x20000cdc   0x00000004   PAD
    0x20000ce0   0x00000200   Zero   RW          467    HEAP                startup_sam4s.o
    0x20000ee0   0x00000200   Zero   RW          466    STACK               startup_sam4s.o


==============================================================================

Image component sizes


      Code (inc. data)   RO Data    RW Data    ZI Data      Debug   Object Name

      1074        112          0          0          0       5705   hw_util.o
       168         20          0          0          0       5143   main.o
       170         38         86         36       3016       9599   rtx_conf_cm.o
        64         26        204          0       1024        792   startup_sam4s.o
       724         58          0          4          0       1399   system_sam4s.o

    ----------------------------------------------------------------------
      2204        254        328         40       4040      22638   Object Totals
         0          0         32          0          0          0   (incl. Generated)
         4          0          6          0          0          0   (incl. Padding)

    ----------------------------------------------------------------------

      Code (inc. data)   RO Data    RW Data    ZI Data      Debug   Library Member Name

       238         24          0          1          0       3256   hal_cm.o
       304         36          0          0          0        760   hal_cm3.o
      1160        146          0          8          0      32254   rt_cmsis.o
        80          4          0          0          0        653   rt_event.o
       530         34          0          0         48       8165   rt_list.o
       550         10          0          0          0       3897   rt_mailbox.o
       140          0          0          0          0       1901   rt_membox.o
       128          0          0          0          0       2275   rt_memory.o
       320         12          0          0          0       1603   rt_mutex.o
        96         22          0          8          0       1134   rt_robin.o
        52          4          0          0          0        565   rt_semaphore.o
       298         52          0          8          0       6151   rt_system.o
      1216        174          0          8         52       9545   rt_task.o
         6          0          0          4          0        636   rt_time.o
         4          4          0          0          0        200   svc_table.o
         8          0          0          0          0         68   __main.o
         0          0          0          0          0          0   __rtentry.o
        20          0          0          0          0          0   __rtentry2.o
         6          0          0          0          0          0   __rtentry4.o
        52          8          0          0          0          0   __scatter.o
        26          0          0          0          0          0   __scatter_copy.o
        28          0          0          0          0          0   __scatter_zi.o
        22          0          0          0          0        100   _rserrno.o
        18          0          0          0          0         80   exit.o
         6          0          0          0          0        152   heapauxi.o
         0          0          0          0          0          0   indicate_semi.o
         2          0          0          0          0          0   libinit.o
         2          0          0          0          0          0   libinit2.o
         2          0          0          0          0          0   libshutdown.o
         2          0          0          0          0          0   libshutdown2.o
         8          4          0          0         96         68   libspace.o
         4          0          0          0          0         68   rt_errno_addr_twolibspace.o
         2          0          0          0          0          0   rtexit.o
        10          0          0          0          0          0   rtexit2.o
        12          4          0          0          0         68   sys_exit.o
        74          0          0          0          0         80   sys_stackheap_outer.o
         2          0          0          0          0         68   use_no_semi.o
        98          4          0          0          0         92   d2f.o
       826         16          0          0          0        348   daddsub_clz.o
        16          4          0          0          0         68   dcheck1.o
        24          0          0          0          0         68   dcmpi.o
       688        140          0          0          0        208   ddiv.o
        46          0          0          0          0         68   dflt_clz.o
       120          4          0          0          0         92   dleqf.o
       340         12          0          0          0        104   dmul.o
       156          4          0          0          0         92   dnaninf.o
        12          0          0          0          0         68   dretinf.o
       108          0          0          0          0         80   drleqf.o
       408         56          0          0          0        120   dsqrt_umaal.o
        86          4          0          0          0         84   f2d.o
       450          8          0          0          0        236   faddsub_clz.o
        54          4          0          0          0         84   ffix.o
        48          0          0          0          0         68   fflt_clz.o
       140          4          0          0          0         84   fnaninf.o
        10          0          0          0          0         68   fretinf.o
       100          0          0          0          0         68   retnan.o
        92          0          0          0          0         68   scalbn.o
        48          0          0          0          0         68   trapv.o
         0          0          0          0          0          0   usenofp.o
        62         10          0          0          0        340   dunder.o
        40          0          0          0          0         68   fpclassify.o
       170          0          0          0          0         96   poly.o
      2520        190        136          0          0        324   pow.o
         0          0          8          0          0          0   qnan.o
        76          0          0          0          0         84   sqrt.o

    ----------------------------------------------------------------------
     12212        998        144         40        200      76895   Library Totals
        46          0          0          3          4          0   (incl. Padding)

    ----------------------------------------------------------------------

      Code (inc. data)   RO Data    RW Data    ZI Data      Debug   Library Name

      5122        522          0         37        100      72995   RTX_CM3.lib
       306         16          0          0         96        752   c_w.l
      3870        260          0          0          0       2236   fz_ws.l
      2868        200        144          0          0        912   m_ws.l

    ----------------------------------------------------------------------
     12212        998        144         40        200      76895   Library Totals

    ----------------------------------------------------------------------

==============================================================================


      Code (inc. data)   RO Data    RW Data    ZI Data      Debug   

     14416       1252        472         80       4240      93029   Grand Totals
     14416       1252        472         80       4240      93029   ELF Image Totals
     14416       1252        472         80          0          0   ROM Totals

==============================================================================

    Total RO  Size (Code + RO Data)                14888 (  14.54kB)
    Total RW  Size (RW Data + ZI Data)              4320 (   4.22kB)
    Total ROM Size (Code + RO Data + RW Data)      14968 (  14.62kB)

==============================================================================

